nohup: ignoring input

Compiled modules for significant speedup can not be used!
https://pymoo.org/installation.html#installation

To disable this warning:
from pymoo.config import Config
Config.warnings['not_compiled'] = False

output already exists for generation 0
output already exists for generation 1
surrogate error: 0.1604399423354624/0.1827966313473127, num_recommendations: 0
output already exists for generation 2
surrogate error: 0.17450467808552747/0.19239371089348356, num_recommendations: 0
output already exists for generation 3
surrogate error: 0.2711349314651834/0.29945898315660546, num_recommendations: 0
output already exists for generation 4
surrogate error: 0.8279867618483249/0.9017504200620269, num_recommendations: 0
output already exists for generation 5
surrogate error: 0.5779286601938299/0.6703735310688158, num_recommendations: 0
output already exists for generation 6
surrogate error: 0.899484075331237/1.0334532293737253, num_recommendations: 0
output already exists for generation 7
surrogate error: 0.6820215867455499/0.7803220217931347, num_recommendations: 0
output already exists for generation 8
surrogate error: 2.925255117033187/3.2143477497797974, num_recommendations: 0
output already exists for generation 9
surrogate error: 0.8232588935438612/0.9344551108117284, num_recommendations: 0
output already exists for generation 10
surrogate error: 0.8998041400830047/1.0049274093231948, num_recommendations: 0
output already exists for generation 11
surrogate error: 1.1495112484206713/1.2244880132204954, num_recommendations: 0
output already exists for generation 12
/home/jdiamond/code/investment_strategy_7/python_scripts/apsa_ngsa2.py:94: RuntimeWarning: overflow encountered in exp
  return 1.0 / (1.0 + np.exp(-self.k * (x - self.xm)))
surrogate error: 15.74151908309422/17.76582400613983, num_recommendations: 0
output already exists for generation 13
surrogate error: 1.2560275206700182/1.3573742431359452, num_recommendations: 0
output already exists for generation 14
surrogate error: 0.8681479835411945/0.9504491207366572, num_recommendations: 0
output already exists for generation 15
surrogate error: 0.7056360784879012/0.7902880671525309, num_recommendations: 0
output already exists for generation 16
surrogate error: 1.6958576451132956/1.7931093750306069, num_recommendations: 0
output already exists for generation 17
surrogate error: 1.0705993374714549/1.1986692064963658, num_recommendations: 0
output already exists for generation 18
surrogate error: 6.983143824212533/7.351776346442676, num_recommendations: 0
output already exists for generation 19
surrogate error: 1.1182138148901717/1.2169648013608416, num_recommendations: 0
output already exists for generation 20
surrogate error: 0.6592541988249565/0.6756292282187317, num_recommendations: 0
output already exists for generation 21
surrogate error: 1.4157206230869313/1.4753591455602653, num_recommendations: 0
output already exists for generation 22
surrogate error: 2.5287607687971074/2.5778778498702346, num_recommendations: 0
output already exists for generation 23
surrogate error: 1.1801823326472833/1.234863389086767, num_recommendations: 0
output already exists for generation 24
surrogate error: 2.084914444176062/2.468810039272171, num_recommendations: 0
output already exists for generation 25
surrogate error: 1.121590742389833/1.2048518866628748, num_recommendations: 0
output already exists for generation 26
surrogate error: 0.7772598092807311/0.8402784834991117, num_recommendations: 0
output already exists for generation 27
surrogate error: 0.8493507618102379/0.9007932324426292, num_recommendations: 0
output already exists for generation 28
surrogate error: 0.6242193256440614/0.6560005872149786, num_recommendations: 0
output already exists for generation 29
surrogate error: 0.889361364170287/0.9169219626543802, num_recommendations: 0
output already exists for generation 30
surrogate error: 0.9817449994526068/1.0233524866937804, num_recommendations: 0
Registering/Updating Job Definition: simulation-job-def...
Submitting array job...
Successfully submitted! Job ID: c955add8-79ae-4d58-bc92-8a6fc9199712 for generation 31
waiting for summary
waiting for summary
waiting for summary
waiting for summary
batch complete: (False, 0)
waiting on batch 39.23652672767639 seconds, 0/215 complete
waiting on batch 71.90787386894226 seconds, 0/215 complete
waiting on batch 104.53297543525696 seconds, 0/215 complete
waiting on batch 137.1377294063568 seconds, 0/215 complete
waiting on batch 169.76075053215027 seconds, 21/215 complete
waiting on batch 202.44339418411255 seconds, 215/215 complete
completed Job ID: c955add8-79ae-4d58-bc92-8a6fc9199712 for generation 31
surrogate error: 0.6324206751723481/0.6532702915389417, num_recommendations: 0
Registering/Updating Job Definition: simulation-job-def...
Submitting array job...
Successfully submitted! Job ID: e6c995bf-99b4-4567-acfb-473af37e2a4d for generation 32
waiting for total count to add up 177/215
batch complete: (False, 0)
waiting on batch 35.22508907318115 seconds, 56/215 complete
waiting on batch 67.83851838111877 seconds, 174/215 complete
waiting on batch 100.47873783111572 seconds, 215/215 complete
completed Job ID: e6c995bf-99b4-4567-acfb-473af37e2a4d for generation 32
surrogate error: 11.002448576693444/11.66176762660888, num_recommendations: 0
Registering/Updating Job Definition: simulation-job-def...
Submitting array job...
Successfully submitted! Job ID: 880772e0-19f2-415c-aebb-eeaa83a90a85 for generation 33
batch complete: (False, 0)
waiting on batch 33.97001123428345 seconds, 10/215 complete
waiting on batch 66.60121297836304 seconds, 123/215 complete
waiting on batch 99.25462079048157 seconds, 215/215 complete
completed Job ID: 880772e0-19f2-415c-aebb-eeaa83a90a85 for generation 33
surrogate error: 1.4222091833930002/1.5381804092571816, num_recommendations: 0
Registering/Updating Job Definition: simulation-job-def...
Submitting array job...
Successfully submitted! Job ID: 368891c0-a832-4888-9927-fc5864b231fe for generation 34
waiting for summary
waiting for summary
batch complete: (False, 0)
waiting on batch 37.53562784194946 seconds, 33/215 complete
waiting on batch 70.1964840888977 seconds, 176/215 complete
waiting on batch 102.86012816429138 seconds, 215/215 complete
completed Job ID: 368891c0-a832-4888-9927-fc5864b231fe for generation 34
surrogate error: 1.2404587319554703/1.2958154378439366, num_recommendations: 0
Registering/Updating Job Definition: simulation-job-def...
Submitting array job...
Successfully submitted! Job ID: 132fdf85-c954-42b1-a85f-fcaf65716d7b for generation 35
waiting for summary
waiting for summary
batch complete: (False, 0)
waiting on batch 36.64247131347656 seconds, 16/215 complete
waiting on batch 69.25139212608337 seconds, 173/215 complete
waiting on batch 103.20346975326538 seconds, 215/215 complete
completed Job ID: 132fdf85-c954-42b1-a85f-fcaf65716d7b for generation 35
surrogate error: 0.6901162435634447/0.7127321614462482, num_recommendations: 0
Registering/Updating Job Definition: simulation-job-def...
Submitting array job...
Successfully submitted! Job ID: bbafbbb1-36e0-4999-8b64-b4439b12e35c for generation 36
waiting for summary
waiting for summary
waiting for summary
batch complete: (False, 0)
waiting on batch 38.015371561050415 seconds, 0/215 complete
waiting on batch 70.66128754615784 seconds, 215/215 complete
completed Job ID: bbafbbb1-36e0-4999-8b64-b4439b12e35c for generation 36
surrogate error: 1.4630043486888609/1.4787907923059929, num_recommendations: 0
Registering/Updating Job Definition: simulation-job-def...
Submitting array job...
Successfully submitted! Job ID: a0fe7b35-1286-4e90-a8bf-3039ee64af3d for generation 37
batch complete: (False, 0)
waiting on batch 34.020418643951416 seconds, 0/215 complete
waiting on batch 66.68567085266113 seconds, 179/215 complete
waiting on batch 99.3301408290863 seconds, 215/215 complete
completed Job ID: a0fe7b35-1286-4e90-a8bf-3039ee64af3d for generation 37
surrogate error: 1.08369117488529/1.1355795745795576, num_recommendations: 0
Registering/Updating Job Definition: simulation-job-def...
Submitting array job...
Successfully submitted! Job ID: f6375e8e-c261-4849-8f5c-23df8c55384a for generation 38
waiting for summary
waiting for summary
batch complete: (False, 0)
waiting on batch 36.486674547195435 seconds, 11/215 complete
waiting on batch 69.11934661865234 seconds, 39/215 complete
waiting on batch 101.76680564880371 seconds, 72/215 complete
waiting on batch 134.42974996566772 seconds, 113/215 complete
waiting on batch 167.12678050994873 seconds, 122/215 complete
waiting on batch 199.79031705856323 seconds, 154/215 complete
waiting on batch 232.4340980052948 seconds, 215/215 complete
completed Job ID: f6375e8e-c261-4849-8f5c-23df8c55384a for generation 38
surrogate error: 3.309459544664061/3.4790081514988698, num_recommendations: 0
Registering/Updating Job Definition: simulation-job-def...
Submitting array job...
Successfully submitted! Job ID: 44b8c1e5-bd67-4b9d-83a3-c628b93d59a8 for generation 39
batch complete: (False, 0)
waiting on batch 33.93704271316528 seconds, 0/215 complete
waiting on batch 66.62691354751587 seconds, 63/215 complete
waiting on batch 99.29357123374939 seconds, 125/215 complete
waiting on batch 131.92952060699463 seconds, 171/215 complete
waiting on batch 164.54764103889465 seconds, 215/215 complete
completed Job ID: 44b8c1e5-bd67-4b9d-83a3-c628b93d59a8 for generation 39
surrogate error: 5.1006069784367964/5.22798397024443, num_recommendations: 0
Registering/Updating Job Definition: simulation-job-def...
Submitting array job...
Successfully submitted! Job ID: a347fe20-dc07-4e05-8f64-69ba6ac3bab7 for generation 40
waiting for summary
waiting for total count to add up 56/215
batch complete: (False, 0)
waiting on batch 36.54184556007385 seconds, 0/215 complete
waiting on batch 69.20241403579712 seconds, 67/215 complete
waiting on batch 101.82190346717834 seconds, 139/215 complete
waiting on batch 134.47468852996826 seconds, 215/215 complete
completed Job ID: a347fe20-dc07-4e05-8f64-69ba6ac3bab7 for generation 40
surrogate error: 1.2759077438665556/1.3203464160616596, num_recommendations: 0
Registering/Updating Job Definition: simulation-job-def...
Submitting array job...
Successfully submitted! Job ID: 00e47de8-ec10-4eb7-8042-fb6994948551 for generation 41
waiting for summary
waiting for summary
batch complete: (False, 0)
waiting on batch 36.74517893791199 seconds, 5/215 complete
waiting on batch 70.82041025161743 seconds, 122/215 complete
waiting on batch 103.45080184936523 seconds, 215/215 complete
completed Job ID: 00e47de8-ec10-4eb7-8042-fb6994948551 for generation 41
surrogate error: 0.9517314197862217/0.9735937740855365, num_recommendations: 0
Registering/Updating Job Definition: simulation-job-def...
Submitting array job...
Successfully submitted! Job ID: 6f75f82c-3080-41cd-a3ed-7673d1d9f240 for generation 42
batch complete: (False, 0)
waiting on batch 33.915447473526 seconds, 0/215 complete
waiting on batch 66.62265300750732 seconds, 172/215 complete
waiting on batch 99.24704599380493 seconds, 215/215 complete
completed Job ID: 6f75f82c-3080-41cd-a3ed-7673d1d9f240 for generation 42
surrogate error: 0.5672853176705422/0.5621717631695161, num_recommendations: 0
Registering/Updating Job Definition: simulation-job-def...
Submitting array job...
Successfully submitted! Job ID: 937f4eb0-424d-4ff3-9a78-72c7154bc0f3 for generation 43
waiting for summary
waiting for summary
batch complete: (False, 0)
waiting on batch 36.76758909225464 seconds, 0/215 complete
waiting on batch 69.43441724777222 seconds, 80/215 complete
waiting on batch 102.07361721992493 seconds, 133/215 complete
waiting on batch 134.72876930236816 seconds, 215/215 complete
completed Job ID: 937f4eb0-424d-4ff3-9a78-72c7154bc0f3 for generation 43
surrogate error: 1.2657690932433598/1.3049610572273391, num_recommendations: 0
Registering/Updating Job Definition: simulation-job-def...
Submitting array job...
Successfully submitted! Job ID: 19519f8b-646e-461b-ba2d-1adf56a17023 for generation 44
waiting for summary
waiting for summary
batch complete: (False, 0)
waiting on batch 36.66151976585388 seconds, 0/215 complete
waiting on batch 69.30024766921997 seconds, 83/215 complete
waiting on batch 101.97907304763794 seconds, 173/215 complete
waiting on batch 134.63695192337036 seconds, 215/215 complete
completed Job ID: 19519f8b-646e-461b-ba2d-1adf56a17023 for generation 44
surrogate error: 1.1057755071631106/1.1309230852222103, num_recommendations: 0
Registering/Updating Job Definition: simulation-job-def...
Submitting array job...
Successfully submitted! Job ID: d404ce75-ce91-414c-9e7b-562bae0ed33a for generation 45
waiting for summary
waiting for summary
waiting for summary
batch complete: (False, 0)
waiting on batch 37.88261437416077 seconds, 1/215 complete
waiting on batch 70.53007078170776 seconds, 82/215 complete
waiting on batch 103.20382118225098 seconds, 215/215 complete
completed Job ID: d404ce75-ce91-414c-9e7b-562bae0ed33a for generation 45
surrogate error: 0.7726617237273005/0.8076877506620889, num_recommendations: 0
Registering/Updating Job Definition: simulation-job-def...
Submitting array job...
Successfully submitted! Job ID: 300065f4-31d4-448c-a34f-862aa387db62 for generation 46
waiting for summary
waiting for summary
batch complete: (False, 0)
waiting on batch 36.59518504142761 seconds, 8/215 complete
waiting on batch 69.29919576644897 seconds, 171/215 complete
waiting on batch 101.955570936203 seconds, 215/215 complete
completed Job ID: 300065f4-31d4-448c-a34f-862aa387db62 for generation 46
surrogate error: 0.8749769263168332/0.8897121099713904, num_recommendations: 0
Registering/Updating Job Definition: simulation-job-def...
Submitting array job...
Successfully submitted! Job ID: 6390b3e7-5152-44f2-8a61-3b77875d805f for generation 47
batch complete: (False, 0)
waiting on batch 33.96695399284363 seconds, 0/215 complete
waiting on batch 67.61394762992859 seconds, 121/215 complete
waiting on batch 100.22386002540588 seconds, 171/215 complete
waiting on batch 132.85613632202148 seconds, 215/215 complete
completed Job ID: 6390b3e7-5152-44f2-8a61-3b77875d805f for generation 47
surrogate error: 1.6594396194119114/1.7068696723701913, num_recommendations: 0
Registering/Updating Job Definition: simulation-job-def...
Submitting array job...
Successfully submitted! Job ID: 94c65efa-cef4-43dc-b9e6-4ee0afc013e7 for generation 48
waiting for summary
waiting for summary
waiting for summary
batch complete: (False, 0)
waiting on batch 37.88977408409119 seconds, 0/215 complete
waiting on batch 70.51403427124023 seconds, 76/215 complete
waiting on batch 103.18498277664185 seconds, 135/215 complete
waiting on batch 135.84891390800476 seconds, 173/215 complete
waiting on batch 168.46228861808777 seconds, 213/215 complete
completed Job ID: 94c65efa-cef4-43dc-b9e6-4ee0afc013e7 for generation 48
surrogate error: 1.2096130159692922/1.2058461359938497, num_recommendations: 0
Registering/Updating Job Definition: simulation-job-def...
Submitting array job...
Successfully submitted! Job ID: e21c5fea-989c-402f-bc28-a1b025e9645c for generation 49
waiting for summary
waiting for summary
waiting for summary
waiting for summary
batch complete: (False, 0)
waiting on batch 39.20073580741882 seconds, 0/215 complete
waiting on batch 71.81074285507202 seconds, 46/215 complete
waiting on batch 104.42510390281677 seconds, 175/215 complete
waiting on batch 137.04903745651245 seconds, 215/215 complete
completed Job ID: e21c5fea-989c-402f-bc28-a1b025e9645c for generation 49
surrogate error: 1.3526905734043493/1.368419517899193, num_recommendations: 0
Registering/Updating Job Definition: simulation-job-def...
Submitting array job...
Successfully submitted! Job ID: eb523bbf-8c7d-4215-ad5a-4ff19233063d for generation 50
waiting for summary
waiting for total count to add up 187/215
batch complete: (False, 0)
waiting on batch 36.65006136894226 seconds, 10/215 complete
waiting on batch 69.29825139045715 seconds, 41/215 complete
waiting on batch 101.97631549835205 seconds, 95/215 complete
waiting on batch 134.59168481826782 seconds, 128/215 complete
waiting on batch 167.35699677467346 seconds, 150/215 complete
waiting on batch 200.02040719985962 seconds, 185/215 complete
waiting on batch 232.64524269104004 seconds, 215/215 complete
completed Job ID: eb523bbf-8c7d-4215-ad5a-4ff19233063d for generation 50
surrogate error: 0.6779727550762243/0.6923544878079199, num_recommendations: 0
Registering/Updating Job Definition: simulation-job-def...
Submitting array job...
Successfully submitted! Job ID: 9ad1da9a-d21e-40ac-a908-d9a7c55d4bbf for generation 51
waiting for summary
waiting for summary
waiting for total count to add up 53/215
batch complete: (False, 0)
waiting on batch 37.95606541633606 seconds, 17/215 complete
waiting on batch 70.56440114974976 seconds, 120/215 complete
waiting on batch 103.21110367774963 seconds, 170/215 complete
completed Job ID: 9ad1da9a-d21e-40ac-a908-d9a7c55d4bbf for generation 51
surrogate error: 0.7361526774596211/0.7514102669492716, num_recommendations: 0
Registering/Updating Job Definition: simulation-job-def...
Submitting array job...
Successfully submitted! Job ID: 2e1a9e69-8b8f-4a48-a92e-2cd404d8cfec for generation 52
waiting for summary
waiting for summary
waiting for summary
waiting for summary
batch complete: (False, 0)
waiting on batch 39.18763256072998 seconds, 0/215 complete
waiting on batch 71.82378220558167 seconds, 126/215 complete
waiting on batch 104.46874642372131 seconds, 215/215 complete
completed Job ID: 2e1a9e69-8b8f-4a48-a92e-2cd404d8cfec for generation 52
surrogate error: 4.032331402439225/4.113582450358914, num_recommendations: 0
Registering/Updating Job Definition: simulation-job-def...
Submitting array job...
Successfully submitted! Job ID: 2f9924d9-4cea-4ac8-95c0-e7398d60121f for generation 53
batch complete: (False, 0)
waiting on batch 33.92468452453613 seconds, 0/215 complete
waiting on batch 66.57906317710876 seconds, 124/215 complete
waiting on batch 99.22133207321167 seconds, 215/215 complete
completed Job ID: 2f9924d9-4cea-4ac8-95c0-e7398d60121f for generation 53
surrogate error: 0.7439783053513568/0.7660303140865694, num_recommendations: 0
Registering/Updating Job Definition: simulation-job-def...
Submitting array job...
Successfully submitted! Job ID: b826a9d3-1817-44b0-a628-6f60496ebc50 for generation 54
waiting for summary
waiting for summary
waiting for summary
waiting for summary
batch complete: (False, 0)
waiting on batch 39.11825084686279 seconds, 31/215 complete
waiting on batch 71.83622455596924 seconds, 176/215 complete
waiting on batch 104.53476667404175 seconds, 215/215 complete
completed Job ID: b826a9d3-1817-44b0-a628-6f60496ebc50 for generation 54
surrogate error: 0.6872853582398664/0.6946463167286545, num_recommendations: 0
Registering/Updating Job Definition: simulation-job-def...
Submitting array job...
Successfully submitted! Job ID: ceb7ae2a-93c2-4d57-b428-8b39f704b5ac for generation 55
waiting for summary
waiting for summary
waiting for summary
waiting for summary
batch complete: (False, 0)
waiting on batch 39.21321201324463 seconds, 0/215 complete
waiting on batch 71.81664395332336 seconds, 178/215 complete
waiting on batch 104.50932931900024 seconds, 215/215 complete
completed Job ID: ceb7ae2a-93c2-4d57-b428-8b39f704b5ac for generation 55
surrogate error: 1.0435681442151048/1.0657966168268134, num_recommendations: 0
Registering/Updating Job Definition: simulation-job-def...
Submitting array job...
Successfully submitted! Job ID: b55fa424-67f2-4981-865b-ae83dc848f8f for generation 56
waiting for summary
waiting for summary
waiting for summary
waiting for summary
batch complete: (False, 0)
waiting on batch 39.30846190452576 seconds, 10/215 complete
waiting on batch 72.05408525466919 seconds, 122/215 complete
waiting on batch 104.66704058647156 seconds, 215/215 complete
completed Job ID: b55fa424-67f2-4981-865b-ae83dc848f8f for generation 56
surrogate error: 0.967465640943323/0.9509792102306244, num_recommendations: 0
Registering/Updating Job Definition: simulation-job-def...
Submitting array job...
Successfully submitted! Job ID: a06a163b-349c-46c9-8931-035d85fac65d for generation 57
waiting for summary
waiting for summary
waiting for summary
waiting for summary
waiting for total count to add up 179/215
batch complete: (False, 0)
waiting on batch 40.50767993927002 seconds, 18/215 complete
waiting on batch 73.17297530174255 seconds, 126/215 complete
waiting on batch 105.82425928115845 seconds, 215/215 complete
completed Job ID: a06a163b-349c-46c9-8931-035d85fac65d for generation 57
surrogate error: 2.865507600758156/3.6012516653833386, num_recommendations: 0
Registering/Updating Job Definition: simulation-job-def...
Submitting array job...
Successfully submitted! Job ID: d6bcf77d-0055-421c-ab80-3cca76d3d3c7 for generation 58
waiting for summary
waiting for summary
waiting for total count to add up 120/215
batch complete: (False, 0)
waiting on batch 37.977242946624756 seconds, 0/215 complete
waiting on batch 71.0519449710846 seconds, 82/215 complete
waiting on batch 103.86048698425293 seconds, 172/215 complete
waiting on batch 136.4839050769806 seconds, 215/215 complete
completed Job ID: d6bcf77d-0055-421c-ab80-3cca76d3d3c7 for generation 58
surrogate error: 0.5477195809950668/0.5566824483658456, num_recommendations: 0
Registering/Updating Job Definition: simulation-job-def...
Submitting array job...
Successfully submitted! Job ID: 9524443e-0607-4b08-b3af-3ed7dd7018e1 for generation 59
waiting for summary
waiting for summary
waiting for summary
batch complete: (False, 0)
waiting on batch 37.89439105987549 seconds, 0/215 complete
waiting on batch 70.6178457736969 seconds, 78/215 complete
waiting on batch 103.27108120918274 seconds, 132/215 complete
waiting on batch 135.90768122673035 seconds, 171/215 complete
waiting on batch 168.56092405319214 seconds, 215/215 complete
completed Job ID: 9524443e-0607-4b08-b3af-3ed7dd7018e1 for generation 59
surrogate error: 0.867670336294635/0.8858557572895392, num_recommendations: 0
Registering/Updating Job Definition: simulation-job-def...
Submitting array job...
Successfully submitted! Job ID: 0d1879f4-9ddd-4e90-89e8-e7993ff60929 for generation 60
waiting for summary
waiting for summary
batch complete: (False, 0)
waiting on batch 36.50942873954773 seconds, 1/215 complete
waiting on batch 69.16593289375305 seconds, 86/215 complete
waiting on batch 101.8088047504425 seconds, 171/215 complete
waiting on batch 134.49207973480225 seconds, 215/215 complete
completed Job ID: 0d1879f4-9ddd-4e90-89e8-e7993ff60929 for generation 60
surrogate error: 0.8367839709794246/0.8495061127188311, num_recommendations: 0
Registering/Updating Job Definition: simulation-job-def...
Submitting array job...
Successfully submitted! Job ID: 2cdf1c12-8ccf-4274-8a42-09eaaecfbf0d for generation 61
waiting for summary
waiting for summary
waiting for summary
batch complete: (False, 0)
waiting on batch 37.87631392478943 seconds, 4/215 complete
waiting on batch 70.55348920822144 seconds, 177/215 complete
waiting on batch 103.26160502433777 seconds, 215/215 complete
completed Job ID: 2cdf1c12-8ccf-4274-8a42-09eaaecfbf0d for generation 61
surrogate error: 0.7614905501122105/0.7640997094548426, num_recommendations: 0
Registering/Updating Job Definition: simulation-job-def...
Submitting array job...
Successfully submitted! Job ID: e2f4eb01-067b-417c-a158-70306dcb4ac2 for generation 62
waiting for summary
waiting for summary
waiting for summary
batch complete: (False, 0)
waiting on batch 37.94127941131592 seconds, 23/215 complete
waiting on batch 70.60577464103699 seconds, 215/215 complete
completed Job ID: e2f4eb01-067b-417c-a158-70306dcb4ac2 for generation 62
surrogate error: 0.9633417631796393/0.9598719870199587, num_recommendations: 0
Registering/Updating Job Definition: simulation-job-def...
Submitting array job...
Successfully submitted! Job ID: 62196aa9-0e56-4e87-aa6c-91c0e99f7d20 for generation 63
batch complete: (False, 0)
waiting on batch 34.01235270500183 seconds, 0/215 complete
waiting on batch 66.69573378562927 seconds, 215/215 complete
completed Job ID: 62196aa9-0e56-4e87-aa6c-91c0e99f7d20 for generation 63
surrogate error: 0.9991684881912176/1.0214507862886835, num_recommendations: 0
Registering/Updating Job Definition: simulation-job-def...
Submitting array job...
Successfully submitted! Job ID: 09c9a5cb-7d1d-4387-8509-9df0179bc4fa for generation 64
waiting for summary
waiting for summary
waiting for summary
batch complete: (False, 0)
waiting on batch 37.99376916885376 seconds, 0/215 complete
waiting on batch 70.66154408454895 seconds, 178/215 complete
waiting on batch 103.29168200492859 seconds, 215/215 complete
completed Job ID: 09c9a5cb-7d1d-4387-8509-9df0179bc4fa for generation 64
surrogate error: 0.937148319800905/0.9537138495373058, num_recommendations: 0
Registering/Updating Job Definition: simulation-job-def...
Submitting array job...
Successfully submitted! Job ID: 0b309fdf-af23-4cab-b1c6-718b6e4b2037 for generation 65
waiting for summary
waiting for summary
waiting for summary
waiting for summary
batch complete: (False, 0)
waiting on batch 39.20325565338135 seconds, 0/215 complete
waiting on batch 71.83927178382874 seconds, 180/215 complete
waiting on batch 104.49796557426453 seconds, 215/215 complete
completed Job ID: 0b309fdf-af23-4cab-b1c6-718b6e4b2037 for generation 65
surrogate error: 1.1123982729277244/1.0488440631286797, num_recommendations: 0
Registering/Updating Job Definition: simulation-job-def...
Submitting array job...
Successfully submitted! Job ID: 568f8712-6162-4711-aff6-f446a3e3e687 for generation 66
waiting for summary
waiting for summary
waiting for summary
waiting for summary
batch complete: (False, 0)
waiting on batch 39.449121952056885 seconds, 0/215 complete
waiting on batch 72.11305046081543 seconds, 134/215 complete
waiting on batch 104.73197746276855 seconds, 215/215 complete
completed Job ID: 568f8712-6162-4711-aff6-f446a3e3e687 for generation 66
surrogate error: 1.4775105105685584/1.4593771142468113, num_recommendations: 0
Registering/Updating Job Definition: simulation-job-def...
Submitting array job...
Successfully submitted! Job ID: d4b9c708-3d58-4137-a5ca-0fb597fdf0f3 for generation 67
waiting for summary
waiting for summary
waiting for summary
batch complete: (False, 0)
waiting on batch 37.85370588302612 seconds, 0/215 complete
waiting on batch 70.46767926216125 seconds, 146/215 complete
waiting on batch 103.08058619499207 seconds, 215/215 complete
completed Job ID: d4b9c708-3d58-4137-a5ca-0fb597fdf0f3 for generation 67
surrogate error: 0.8473172866655272/0.8614448149969791, num_recommendations: 0
Registering/Updating Job Definition: simulation-job-def...
Submitting array job...
Successfully submitted! Job ID: 6733f266-4bf6-46a0-825a-544a63c56843 for generation 68
waiting for summary
batch complete: (False, 0)
waiting on batch 37.34981608390808 seconds, 27/215 complete
waiting on batch 70.0023124217987 seconds, 215/215 complete
completed Job ID: 6733f266-4bf6-46a0-825a-544a63c56843 for generation 68
surrogate error: 0.8681841656170796/0.8849290984807097, num_recommendations: 0
Registering/Updating Job Definition: simulation-job-def...
Submitting array job...
Successfully submitted! Job ID: 39f6af19-b223-4ea2-90b3-9f7802e78d7f for generation 69
waiting for summary
waiting for summary
waiting for summary
waiting for total count to add up 118/215
batch complete: (False, 0)
waiting on batch 39.175379037857056 seconds, 0/215 complete
waiting on batch 71.80474615097046 seconds, 126/215 complete
waiting on batch 104.40424251556396 seconds, 215/215 complete
completed Job ID: 39f6af19-b223-4ea2-90b3-9f7802e78d7f for generation 69
surrogate error: 0.849265997568444/0.8523200967616972, num_recommendations: 0
Registering/Updating Job Definition: simulation-job-def...
Submitting array job...
Successfully submitted! Job ID: 76e93efd-f7de-482f-8f37-00fdc327be3c for generation 70
waiting for summary
waiting for summary
waiting for summary
waiting for summary
waiting for summary
waiting for summary
waiting for summary
waiting for summary
waiting for summary
waiting for summary
waiting for summary
waiting for summary
batch complete: (False, 0)
waiting on batch 49.52253460884094 seconds, 0/215 complete
waiting on batch 82.11773943901062 seconds, 0/215 complete
waiting on batch 114.79830265045166 seconds, 32/215 complete
waiting on batch 147.4372637271881 seconds, 112/215 complete
waiting on batch 180.12589287757874 seconds, 172/215 complete
completed Job ID: 76e93efd-f7de-482f-8f37-00fdc327be3c for generation 70
surrogate error: 0.993818749415394/0.9998167342692882, num_recommendations: 0
Registering/Updating Job Definition: simulation-job-def...
Submitting array job...
Successfully submitted! Job ID: 026fcff1-8da4-41d5-bac4-a0fe16d64d2c for generation 71
waiting for summary
waiting for summary
batch complete: (False, 0)
waiting on batch 36.608720779418945 seconds, 14/215 complete
waiting on batch 69.26485466957092 seconds, 110/215 complete
waiting on batch 101.8998441696167 seconds, 173/215 complete
waiting on batch 134.54477286338806 seconds, 215/215 complete
completed Job ID: 026fcff1-8da4-41d5-bac4-a0fe16d64d2c for generation 71
surrogate error: 1.109470382801441/1.122781977875431, num_recommendations: 0
Registering/Updating Job Definition: simulation-job-def...
Submitting array job...
Successfully submitted! Job ID: 712122de-9034-4430-bd82-554d119d9e74 for generation 72
waiting for summary
waiting for summary
batch complete: (False, 0)
waiting on batch 36.509312868118286 seconds, 2/215 complete
waiting on batch 69.15630865097046 seconds, 71/215 complete
waiting on batch 101.7880129814148 seconds, 140/215 complete
waiting on batch 134.4302179813385 seconds, 215/215 complete
completed Job ID: 712122de-9034-4430-bd82-554d119d9e74 for generation 72
surrogate error: 2.6458197920869404/2.5509826496185934, num_recommendations: 0
Registering/Updating Job Definition: simulation-job-def...
Submitting array job...
Successfully submitted! Job ID: 03e61959-a2a1-4399-a816-9bcbb287bddd for generation 73
waiting for summary
waiting for total count to add up 120/215
batch complete: (False, 0)
waiting on batch 36.5334894657135 seconds, 11/215 complete
waiting on batch 69.14780735969543 seconds, 123/215 complete
waiting on batch 101.9278781414032 seconds, 215/215 complete
completed Job ID: 03e61959-a2a1-4399-a816-9bcbb287bddd for generation 73
surrogate error: 0.737583663766737/0.7351514982952029, num_recommendations: 0
Registering/Updating Job Definition: simulation-job-def...
Submitting array job...
Successfully submitted! Job ID: 096a7c4f-ed59-4d62-a399-3cd32f9be1e3 for generation 74
waiting for summary
waiting for summary
waiting for summary
waiting for summary
batch complete: (False, 0)
waiting on batch 39.11310958862305 seconds, 0/215 complete
waiting on batch 71.7437744140625 seconds, 125/215 complete
waiting on batch 104.35415291786194 seconds, 215/215 complete
completed Job ID: 096a7c4f-ed59-4d62-a399-3cd32f9be1e3 for generation 74
surrogate error: 0.7681641436190555/0.7635883907397075, num_recommendations: 0
Registering/Updating Job Definition: simulation-job-def...
Submitting array job...
Successfully submitted! Job ID: ff9430ff-abd4-464e-9edd-a372422de4fd for generation 75
waiting for summary
waiting for summary
waiting for summary
waiting for summary
batch complete: (False, 0)
waiting on batch 39.154680013656616 seconds, 0/215 complete
waiting on batch 71.78920674324036 seconds, 100/215 complete
waiting on batch 104.4362940788269 seconds, 175/215 complete
waiting on batch 137.04219388961792 seconds, 215/215 complete
completed Job ID: ff9430ff-abd4-464e-9edd-a372422de4fd for generation 75
surrogate error: 1.0615586765120844/1.0862867885895986, num_recommendations: 0
Registering/Updating Job Definition: simulation-job-def...
Submitting array job...
Successfully submitted! Job ID: 169a3d5a-63b2-42eb-8392-99a43b83cb27 for generation 76
batch complete: (False, 0)
waiting on batch 33.95906352996826 seconds, 0/215 complete
waiting on batch 66.5978627204895 seconds, 72/215 complete
waiting on batch 99.22283434867859 seconds, 135/215 complete
waiting on batch 131.87822818756104 seconds, 213/215 complete
waiting on batch 164.50358080863953 seconds, 215/215 complete
completed Job ID: 169a3d5a-63b2-42eb-8392-99a43b83cb27 for generation 76
surrogate error: 1.6272889840220268/1.6305483259024958, num_recommendations: 0
Registering/Updating Job Definition: simulation-job-def...
Submitting array job...
Successfully submitted! Job ID: 053486be-6b0d-43e8-bf42-b6434cbbb884 for generation 77
batch complete: (False, 0)
waiting on batch 33.94210505485535 seconds, 0/215 complete
waiting on batch 66.51822185516357 seconds, 76/215 complete
waiting on batch 99.19587993621826 seconds, 171/215 complete
waiting on batch 131.82012224197388 seconds, 215/215 complete
completed Job ID: 053486be-6b0d-43e8-bf42-b6434cbbb884 for generation 77
surrogate error: 0.7847235502299762/0.7812012293066274, num_recommendations: 0
Registering/Updating Job Definition: simulation-job-def...
Submitting array job...
Successfully submitted! Job ID: 6b91f3ce-635c-4ed1-b111-e9e15e7c5470 for generation 78
waiting for summary
waiting for summary
waiting for summary
batch complete: (False, 0)
waiting on batch 37.999515533447266 seconds, 0/215 complete
waiting on batch 70.65409994125366 seconds, 120/215 complete
waiting on batch 103.30180048942566 seconds, 215/215 complete
completed Job ID: 6b91f3ce-635c-4ed1-b111-e9e15e7c5470 for generation 78
surrogate error: 0.9050098458724225/0.9139259363412393, num_recommendations: 0
Registering/Updating Job Definition: simulation-job-def...
Submitting array job...
Successfully submitted! Job ID: 0f6bac4a-843a-4112-ab12-aa376f700da6 for generation 79
waiting for summary
waiting for summary
waiting for summary
waiting for summary
batch complete: (False, 0)
waiting on batch 39.277485847473145 seconds, 12/215 complete
waiting on batch 71.93416333198547 seconds, 175/215 complete
waiting on batch 104.77575993537903 seconds, 215/215 complete
completed Job ID: 0f6bac4a-843a-4112-ab12-aa376f700da6 for generation 79
surrogate error: 0.8939405650032888/0.9138056194017579, num_recommendations: 0
Registering/Updating Job Definition: simulation-job-def...
Submitting array job...
Successfully submitted! Job ID: f41eed07-9ece-4576-bbcc-f02bde176e81 for generation 80
waiting for summary
waiting for summary
batch complete: (False, 0)
waiting on batch 36.54384922981262 seconds, 0/215 complete
waiting on batch 69.19684481620789 seconds, 175/215 complete
waiting on batch 101.80152249336243 seconds, 215/215 complete
completed Job ID: f41eed07-9ece-4576-bbcc-f02bde176e81 for generation 80
surrogate error: 0.7900307467259123/0.7837690595809488, num_recommendations: 0
Registering/Updating Job Definition: simulation-job-def...
Submitting array job...
Successfully submitted! Job ID: 35064266-31bd-4066-ba20-44c6540abeab for generation 81
waiting for summary
waiting for summary
batch complete: (False, 0)
waiting on batch 36.584158420562744 seconds, 0/215 complete
waiting on batch 69.2212815284729 seconds, 171/215 complete
waiting on batch 101.87333512306213 seconds, 215/215 complete
completed Job ID: 35064266-31bd-4066-ba20-44c6540abeab for generation 81
surrogate error: 0.9137939117330722/0.9158636762261811, num_recommendations: 0
Registering/Updating Job Definition: simulation-job-def...
Submitting array job...
Successfully submitted! Job ID: 0da45363-a6b0-465f-86c0-eb3099802c18 for generation 82
waiting for summary
waiting for summary
waiting for summary
batch complete: (False, 0)
waiting on batch 37.92550301551819 seconds, 29/215 complete
waiting on batch 70.54057431221008 seconds, 180/215 complete
waiting on batch 103.16184663772583 seconds, 215/215 complete
completed Job ID: 0da45363-a6b0-465f-86c0-eb3099802c18 for generation 82
surrogate error: 0.5316625934465872/0.5283611415692409, num_recommendations: 0
Registering/Updating Job Definition: simulation-job-def...
Submitting array job...
Successfully submitted! Job ID: 8ed9022a-21ef-46e2-9906-794f51192a0d for generation 83
waiting for summary
waiting for summary
batch complete: (False, 0)
waiting on batch 36.42450141906738 seconds, 4/215 complete
waiting on batch 69.05841970443726 seconds, 53/215 complete
waiting on batch 101.7149760723114 seconds, 105/215 complete
waiting on batch 134.38643217086792 seconds, 136/215 complete
waiting on batch 167.01720714569092 seconds, 184/215 complete
waiting on batch 199.62139987945557 seconds, 197/215 complete
completed Job ID: 8ed9022a-21ef-46e2-9906-794f51192a0d for generation 83
surrogate error: 0.8598695539361725/0.880208219165078, num_recommendations: 0
Registering/Updating Job Definition: simulation-job-def...
Submitting array job...
Successfully submitted! Job ID: 6879e3b0-8df7-4786-9fb1-51e4808c06ac for generation 84
batch complete: (False, 0)
waiting on batch 33.950554609298706 seconds, 0/215 complete
waiting on batch 66.55377125740051 seconds, 75/215 complete
waiting on batch 99.20282864570618 seconds, 215/215 complete
completed Job ID: 6879e3b0-8df7-4786-9fb1-51e4808c06ac for generation 84
surrogate error: 0.728739858557883/0.7389831195251476, num_recommendations: 0
Registering/Updating Job Definition: simulation-job-def...
Submitting array job...
Successfully submitted! Job ID: 5046cc55-de46-4d82-ba6e-bba0938cec11 for generation 85
waiting for summary
waiting for summary
waiting for summary
batch complete: (False, 0)
waiting on batch 37.90558123588562 seconds, 8/215 complete
waiting on batch 70.49495434761047 seconds, 123/215 complete
waiting on batch 103.12459683418274 seconds, 215/215 complete
completed Job ID: 5046cc55-de46-4d82-ba6e-bba0938cec11 for generation 85
surrogate error: 0.8564139648911276/0.8560207786264112, num_recommendations: 0
Registering/Updating Job Definition: simulation-job-def...
Submitting array job...
Successfully submitted! Job ID: 69b0a069-9407-42a8-8ce0-9f85becf96ad for generation 86
waiting for summary
waiting for summary
waiting for summary
batch complete: (False, 0)
waiting on batch 37.8286030292511 seconds, 0/215 complete
waiting on batch 70.48366856575012 seconds, 122/215 complete
waiting on batch 103.09086346626282 seconds, 215/215 complete
completed Job ID: 69b0a069-9407-42a8-8ce0-9f85becf96ad for generation 86
surrogate error: 0.8217280587097695/0.8249127205634847, num_recommendations: 0
Registering/Updating Job Definition: simulation-job-def...
Submitting array job...
Successfully submitted! Job ID: d7be14c3-1be7-4bf7-830f-2cc852fa83d9 for generation 87
waiting for summary
waiting for summary
batch complete: (False, 0)
waiting on batch 36.56253981590271 seconds, 0/215 complete
waiting on batch 69.35968494415283 seconds, 182/215 complete
waiting on batch 101.96853971481323 seconds, 215/215 complete
completed Job ID: d7be14c3-1be7-4bf7-830f-2cc852fa83d9 for generation 87
surrogate error: 3.391303263550087/3.4067719739730395, num_recommendations: 0
Registering/Updating Job Definition: simulation-job-def...
Submitting array job...
Successfully submitted! Job ID: 5e52515a-dbdd-4bea-a296-11a8c6b44945 for generation 88
waiting for summary
waiting for summary
waiting for summary
batch complete: (False, 0)
waiting on batch 38.05187225341797 seconds, 0/215 complete
waiting on batch 70.76601243019104 seconds, 172/215 complete
waiting on batch 103.47433710098267 seconds, 215/215 complete
completed Job ID: 5e52515a-dbdd-4bea-a296-11a8c6b44945 for generation 88
surrogate error: 0.8584771584596659/0.8464132865591086, num_recommendations: 0
Registering/Updating Job Definition: simulation-job-def...
Submitting array job...
Successfully submitted! Job ID: af597eb3-84e6-4a24-b3fc-773fa965fd81 for generation 89
waiting for summary
waiting for summary
batch complete: (False, 0)
waiting on batch 36.78131890296936 seconds, 4/215 complete
waiting on batch 69.51682376861572 seconds, 171/215 complete
waiting on batch 102.22778415679932 seconds, 215/215 complete
completed Job ID: af597eb3-84e6-4a24-b3fc-773fa965fd81 for generation 89
surrogate error: 1.192559069725795/1.1953589140689096, num_recommendations: 0
Registering/Updating Job Definition: simulation-job-def...
Submitting array job...
Successfully submitted! Job ID: 38ca7af1-c49c-4dd1-97ad-4acbc08634f5 for generation 90
waiting for summary
waiting for summary
batch complete: (False, 0)
waiting on batch 36.686888456344604 seconds, 0/215 complete
waiting on batch 69.36060667037964 seconds, 87/215 complete
waiting on batch 102.07261061668396 seconds, 140/215 complete
waiting on batch 134.82094049453735 seconds, 185/215 complete
waiting on batch 168.3556683063507 seconds, 215/215 complete
completed Job ID: 38ca7af1-c49c-4dd1-97ad-4acbc08634f5 for generation 90
surrogate error: 1.508910186929867/1.4827003139235801, num_recommendations: 0
Registering/Updating Job Definition: simulation-job-def...
Submitting array job...
Successfully submitted! Job ID: 09f2946a-4ce7-487c-96a6-922c9df322a6 for generation 91
waiting for summary
waiting for summary
waiting for summary
batch complete: (False, 0)
waiting on batch 38.20184898376465 seconds, 0/215 complete
waiting on batch 70.93009376525879 seconds, 91/215 complete
waiting on batch 103.60453462600708 seconds, 176/215 complete
waiting on batch 136.2656226158142 seconds, 212/215 complete
waiting on batch 168.98044085502625 seconds, 215/215 complete
completed Job ID: 09f2946a-4ce7-487c-96a6-922c9df322a6 for generation 91
surrogate error: 0.8132372896029358/0.8115930754435811, num_recommendations: 0
Registering/Updating Job Definition: simulation-job-def...
Submitting array job...
Successfully submitted! Job ID: 3ebb2bea-57af-46c1-be96-92fbda8c25fc for generation 92
batch complete: (False, 0)
waiting on batch 34.006431102752686 seconds, 8/215 complete
waiting on batch 66.67102217674255 seconds, 92/215 complete
waiting on batch 99.3374879360199 seconds, 173/215 complete
waiting on batch 132.05215120315552 seconds, 215/215 complete
completed Job ID: 3ebb2bea-57af-46c1-be96-92fbda8c25fc for generation 92
surrogate error: 2.4484544941448276/2.609918387073091, num_recommendations: 0
Registering/Updating Job Definition: simulation-job-def...
Submitting array job...
Successfully submitted! Job ID: ec91c8c7-f400-4dad-b783-5f43da7857e0 for generation 93
waiting for summary
waiting for summary
batch complete: (False, 0)
waiting on batch 36.66572308540344 seconds, 0/215 complete
waiting on batch 69.33664131164551 seconds, 16/215 complete
waiting on batch 102.05975556373596 seconds, 28/215 complete
waiting on batch 134.7797086238861 seconds, 33/215 complete
waiting on batch 167.4759635925293 seconds, 48/215 complete
waiting on batch 200.18550992012024 seconds, 60/215 complete
waiting on batch 232.89673519134521 seconds, 215/215 complete
completed Job ID: ec91c8c7-f400-4dad-b783-5f43da7857e0 for generation 93
surrogate error: 0.7586284381164046/0.7563280816895134, num_recommendations: 0
Registering/Updating Job Definition: simulation-job-def...
Submitting array job...
Successfully submitted! Job ID: c157ef7b-0287-49e3-aadf-874271016208 for generation 94
waiting for summary
waiting for summary
waiting for summary
batch complete: (False, 0)
waiting on batch 38.14141345024109 seconds, 16/215 complete
waiting on batch 70.83964133262634 seconds, 172/215 complete
waiting on batch 103.5296094417572 seconds, 215/215 complete
completed Job ID: c157ef7b-0287-49e3-aadf-874271016208 for generation 94
surrogate error: 0.9974981829445133/0.9957395758695117, num_recommendations: 0
Registering/Updating Job Definition: simulation-job-def...
Submitting array job...
Successfully submitted! Job ID: ce65cb81-0fab-473d-bd17-e4ce8a3a3aa4 for generation 95
waiting for summary
waiting for summary
batch complete: (False, 0)
waiting on batch 36.715542793273926 seconds, 0/215 complete
waiting on batch 69.47115898132324 seconds, 31/215 complete
waiting on batch 102.17686724662781 seconds, 78/215 complete
waiting on batch 134.92621564865112 seconds, 110/215 complete
waiting on batch 167.65607476234436 seconds, 141/215 complete
waiting on batch 200.32689213752747 seconds, 178/215 complete
waiting on batch 233.04747223854065 seconds, 207/215 complete
waiting on batch 265.746835231781 seconds, 215/215 complete
completed Job ID: ce65cb81-0fab-473d-bd17-e4ce8a3a3aa4 for generation 95
surrogate error: 1.221588537561628/1.2407889909666854, num_recommendations: 0
Registering/Updating Job Definition: simulation-job-def...
Submitting array job...
Successfully submitted! Job ID: 5c4ea26a-5f00-4105-97ca-3a252ef3e904 for generation 96
waiting for summary
waiting for summary
batch complete: (False, 0)
waiting on batch 36.86411380767822 seconds, 10/215 complete
waiting on batch 69.53695726394653 seconds, 93/215 complete
waiting on batch 102.25774383544922 seconds, 171/215 complete
waiting on batch 134.96262288093567 seconds, 215/215 complete
completed Job ID: 5c4ea26a-5f00-4105-97ca-3a252ef3e904 for generation 96
surrogate error: 0.8207931300059643/0.8192989501083797, num_recommendations: 0
Registering/Updating Job Definition: simulation-job-def...
Submitting array job...
Successfully submitted! Job ID: f8f34165-f77f-4483-bf22-2a4ca0b22067 for generation 97
batch complete: (False, 0)
waiting on batch 34.11588478088379 seconds, 12/215 complete
waiting on batch 66.74924111366272 seconds, 97/215 complete
waiting on batch 99.41183948516846 seconds, 174/215 complete
waiting on batch 132.0673577785492 seconds, 215/215 complete
completed Job ID: f8f34165-f77f-4483-bf22-2a4ca0b22067 for generation 97
surrogate error: 2.0240540349324005/1.9815776388489197, num_recommendations: 0
Registering/Updating Job Definition: simulation-job-def...
Submitting array job...
Successfully submitted! Job ID: dcda492c-de2e-463a-8bf2-a1c25b6b3ce4 for generation 98
waiting for summary
waiting for summary
batch complete: (False, 0)
waiting on batch 36.864158391952515 seconds, 9/215 complete
waiting on batch 69.55883955955505 seconds, 122/215 complete
waiting on batch 102.21501445770264 seconds, 172/215 complete
waiting on batch 134.93563771247864 seconds, 215/215 complete
completed Job ID: dcda492c-de2e-463a-8bf2-a1c25b6b3ce4 for generation 98
surrogate error: 1.289014074264965/1.2811265420673708, num_recommendations: 0
Registering/Updating Job Definition: simulation-job-def...
Submitting array job...
Successfully submitted! Job ID: 224ff899-10bf-4168-ba53-84e49c4c771f for generation 99
waiting for summary
waiting for summary
batch complete: (False, 0)
waiting on batch 36.78328537940979 seconds, 19/215 complete
waiting on batch 69.48261308670044 seconds, 126/215 complete
waiting on batch 102.20286583900452 seconds, 215/215 complete
completed Job ID: 224ff899-10bf-4168-ba53-84e49c4c771f for generation 99
surrogate error: 1.3400377807001822/1.3525220655772425, num_recommendations: 0
Registering/Updating Job Definition: simulation-job-def...
Submitting array job...
Successfully submitted! Job ID: 3b6815e7-74bc-49e6-8f33-2e8b5a164d1c for generation 100
waiting for summary
waiting for total count to add up 184/215
batch complete: (False, 0)
waiting on batch 36.7693829536438 seconds, 0/215 complete
waiting on batch 69.47539448738098 seconds, 125/215 complete
waiting on batch 102.27143025398254 seconds, 215/215 complete
completed Job ID: 3b6815e7-74bc-49e6-8f33-2e8b5a164d1c for generation 100
surrogate error: 0.9003990956018525/0.8981244539006927, num_recommendations: 0
Registering/Updating Job Definition: simulation-job-def...
Submitting array job...
Successfully submitted! Job ID: 45967981-02dd-4fb2-ae22-df884990d36d for generation 101
waiting for summary
waiting for total count to add up 183/215
batch complete: (False, 0)
waiting on batch 36.70606184005737 seconds, 6/215 complete
waiting on batch 69.41306138038635 seconds, 125/215 complete
waiting on batch 102.08406496047974 seconds, 215/215 complete
completed Job ID: 45967981-02dd-4fb2-ae22-df884990d36d for generation 101
surrogate error: 0.7493571309237425/0.7493301271429965, num_recommendations: 0
Registering/Updating Job Definition: simulation-job-def...
Submitting array job...
Successfully submitted! Job ID: d2f7c312-ec87-4c35-8494-552af731f30a for generation 102
waiting for summary
waiting for total count to add up 113/215
batch complete: (False, 0)
waiting on batch 36.83519172668457 seconds, 0/215 complete
waiting on batch 69.52932739257812 seconds, 87/215 complete
waiting on batch 102.23058319091797 seconds, 171/215 complete
waiting on batch 134.8875811100006 seconds, 213/215 complete
waiting on batch 167.56059455871582 seconds, 215/215 complete
completed Job ID: d2f7c312-ec87-4c35-8494-552af731f30a for generation 102
surrogate error: 0.9030825963607294/0.9023148519582228, num_recommendations: 0
Registering/Updating Job Definition: simulation-job-def...
Submitting array job...
Successfully submitted! Job ID: da3b208d-8254-4e75-9847-a310512712af for generation 103
waiting for summary
waiting for summary
waiting for summary
waiting for summary
batch complete: (False, 0)
waiting on batch 39.49949026107788 seconds, 0/215 complete
waiting on batch 72.32510709762573 seconds, 75/215 complete
waiting on batch 105.00727725028992 seconds, 153/215 complete
waiting on batch 137.71597743034363 seconds, 179/215 complete
waiting on batch 170.42837810516357 seconds, 215/215 complete
completed Job ID: da3b208d-8254-4e75-9847-a310512712af for generation 103
surrogate error: 2.242248849331385/2.296618856602525, num_recommendations: 0
Registering/Updating Job Definition: simulation-job-def...
Submitting array job...
Successfully submitted! Job ID: ce19a97e-287b-486b-a33c-6135ff47493f for generation 104
waiting for summary
waiting for summary
waiting for summary
waiting for summary
batch complete: (False, 0)
waiting on batch 39.41113471984863 seconds, 0/215 complete
waiting on batch 72.13988208770752 seconds, 14/215 complete
waiting on batch 104.80227470397949 seconds, 64/215 complete
waiting on batch 137.52192568778992 seconds, 132/215 complete
waiting on batch 170.23120164871216 seconds, 187/215 complete
waiting on batch 202.88292980194092 seconds, 202/215 complete
waiting on batch 235.6313455104828 seconds, 215/215 complete
completed Job ID: ce19a97e-287b-486b-a33c-6135ff47493f for generation 104
surrogate error: 14.03842418927666/13.8033982048795, num_recommendations: 0
Registering/Updating Job Definition: simulation-job-def...
Submitting array job...
Successfully submitted! Job ID: 4da577fd-2236-46c3-b881-2a152ebfb618 for generation 105
waiting for summary
waiting for summary
waiting for summary
batch complete: (False, 0)
waiting on batch 38.0741446018219 seconds, 0/215 complete
waiting on batch 70.76422667503357 seconds, 58/215 complete
waiting on batch 103.50556802749634 seconds, 123/215 complete
waiting on batch 136.22431778907776 seconds, 215/215 complete
completed Job ID: 4da577fd-2236-46c3-b881-2a152ebfb618 for generation 105
surrogate error: 2.378140216266713/2.263991979520652, num_recommendations: 0
Registering/Updating Job Definition: simulation-job-def...
Submitting array job...
Successfully submitted! Job ID: 660ae84c-6cdb-4abb-b889-cb35465505ef for generation 106
waiting for summary
waiting for total count to add up 178/215
batch complete: (False, 0)
waiting on batch 36.66858148574829 seconds, 0/215 complete
waiting on batch 69.3662588596344 seconds, 63/215 complete
waiting on batch 102.04922938346863 seconds, 130/215 complete
waiting on batch 134.72115540504456 seconds, 174/215 complete
waiting on batch 167.36536502838135 seconds, 215/215 complete
completed Job ID: 660ae84c-6cdb-4abb-b889-cb35465505ef for generation 106
surrogate error: 0.7979896350805905/0.7962212932616526, num_recommendations: 0
Registering/Updating Job Definition: simulation-job-def...
Submitting array job...
Successfully submitted! Job ID: b0153306-3e3f-4353-962e-cfc06881eed5 for generation 107
waiting for summary
waiting for summary
waiting for summary
waiting for summary
batch complete: (False, 0)
waiting on batch 39.40846562385559 seconds, 1/215 complete
waiting on batch 72.10269212722778 seconds, 95/215 complete
waiting on batch 104.75335597991943 seconds, 171/215 complete
waiting on batch 137.46252822875977 seconds, 215/215 complete
completed Job ID: b0153306-3e3f-4353-962e-cfc06881eed5 for generation 107
surrogate error: 0.9438052470261905/0.9547896006747775, num_recommendations: 0
Registering/Updating Job Definition: simulation-job-def...
Submitting array job...
Successfully submitted! Job ID: 12e2fa74-1cc2-47b1-bc16-7e4275d1815a for generation 108
waiting for summary
batch complete: (False, 0)
waiting on batch 35.42100191116333 seconds, 6/215 complete
waiting on batch 68.1004102230072 seconds, 173/215 complete
waiting on batch 100.84884119033813 seconds, 215/215 complete
completed Job ID: 12e2fa74-1cc2-47b1-bc16-7e4275d1815a for generation 108
surrogate error: 0.8055142840115502/0.8035459299802377, num_recommendations: 0
Registering/Updating Job Definition: simulation-job-def...
Submitting array job...
Successfully submitted! Job ID: 56ba84c1-c526-4515-a6f3-6675c2ccc274 for generation 109
waiting for summary
waiting for summary
batch complete: (False, 0)
waiting on batch 36.835044860839844 seconds, 0/215 complete
waiting on batch 69.57060742378235 seconds, 215/215 complete
completed Job ID: 56ba84c1-c526-4515-a6f3-6675c2ccc274 for generation 109
surrogate error: 1.3734976753437824/1.372806532652378, num_recommendations: 0
Registering/Updating Job Definition: simulation-job-def...
Submitting array job...
Successfully submitted! Job ID: 5bb1dca6-b479-446d-b2c7-2bb6915bdeff for generation 110
waiting for summary
waiting for summary
waiting for summary
batch complete: (False, 0)
waiting on batch 38.085535526275635 seconds, 23/215 complete
waiting on batch 70.79686999320984 seconds, 215/215 complete
completed Job ID: 5bb1dca6-b479-446d-b2c7-2bb6915bdeff for generation 110
surrogate error: 1.1031813404421529/1.0983297677295203, num_recommendations: 0
Registering/Updating Job Definition: simulation-job-def...
Submitting array job...
Successfully submitted! Job ID: 3ddf9052-cef6-4cdc-9923-f4624518ce48 for generation 111
waiting for summary
waiting for summary
waiting for summary
batch complete: (False, 0)
waiting on batch 38.12574028968811 seconds, 34/215 complete
waiting on batch 70.86205673217773 seconds, 175/215 complete
waiting on batch 103.55358386039734 seconds, 215/215 complete
completed Job ID: 3ddf9052-cef6-4cdc-9923-f4624518ce48 for generation 111
surrogate error: 0.8552520788992931/0.8531042182923996, num_recommendations: 0
Registering/Updating Job Definition: simulation-job-def...
Submitting array job...
Successfully submitted! Job ID: 80f2e17f-6dd9-4b99-b629-88198591b1ce for generation 112
waiting for summary
waiting for summary
batch complete: (False, 0)
waiting on batch 36.63383221626282 seconds, 1/215 complete
waiting on batch 69.31444430351257 seconds, 215/215 complete
completed Job ID: 80f2e17f-6dd9-4b99-b629-88198591b1ce for generation 112
surrogate error: 2.3742621867633886/2.3418179406964033, num_recommendations: 0
Registering/Updating Job Definition: simulation-job-def...
Submitting array job...
Successfully submitted! Job ID: a9726d4a-ee97-4fc3-8ed3-029efdc77c03 for generation 113
waiting for summary
waiting for summary
batch complete: (False, 0)
waiting on batch 36.83127450942993 seconds, 27/215 complete
waiting on batch 69.54121923446655 seconds, 176/215 complete
waiting on batch 102.26987361907959 seconds, 215/215 complete
completed Job ID: a9726d4a-ee97-4fc3-8ed3-029efdc77c03 for generation 113
surrogate error: 1.488562987357725/1.497095021648309, num_recommendations: 0
Registering/Updating Job Definition: simulation-job-def...
Submitting array job...
Successfully submitted! Job ID: 2308b377-9cc6-4428-a78b-5b7b70a69e43 for generation 114
waiting for summary
waiting for summary
batch complete: (False, 0)
waiting on batch 36.71448826789856 seconds, 0/215 complete
waiting on batch 69.42549324035645 seconds, 17/215 complete
waiting on batch 102.23018026351929 seconds, 33/215 complete
waiting on batch 134.92291402816772 seconds, 49/215 complete
waiting on batch 167.60297894477844 seconds, 60/215 complete
waiting on batch 200.26638340950012 seconds, 197/215 complete
waiting on batch 232.93233704566956 seconds, 215/215 complete
completed Job ID: 2308b377-9cc6-4428-a78b-5b7b70a69e43 for generation 114
surrogate error: 1.6119033858600116/1.6190772196123002, num_recommendations: 0
Registering/Updating Job Definition: simulation-job-def...
Submitting array job...
Successfully submitted! Job ID: fbcaff4f-3852-4a41-971c-d141f462a052 for generation 115
waiting for summary
waiting for summary
waiting for total count to add up 124/215
batch complete: (False, 0)
waiting on batch 38.2162766456604 seconds, 0/215 complete
waiting on batch 70.92735123634338 seconds, 175/215 complete
waiting on batch 103.63874053955078 seconds, 215/215 complete
completed Job ID: fbcaff4f-3852-4a41-971c-d141f462a052 for generation 115
surrogate error: 0.6144663596925333/0.6126117721144105, num_recommendations: 0
Registering/Updating Job Definition: simulation-job-def...
Submitting array job...
Successfully submitted! Job ID: 27dcc3bf-5521-44f9-9c65-58d125181513 for generation 116
waiting for summary
batch complete: (False, 0)
waiting on batch 35.42027831077576 seconds, 1/215 complete
waiting on batch 68.11661291122437 seconds, 24/215 complete
waiting on batch 100.8180763721466 seconds, 32/215 complete
waiting on batch 133.53412222862244 seconds, 65/215 complete
waiting on batch 166.27571892738342 seconds, 78/215 complete
waiting on batch 199.06672549247742 seconds, 97/215 complete
waiting on batch 231.69401001930237 seconds, 215/215 complete
completed Job ID: 27dcc3bf-5521-44f9-9c65-58d125181513 for generation 116
surrogate error: 2.8530102203600225/2.839134179118332, num_recommendations: 0
Registering/Updating Job Definition: simulation-job-def...
Submitting array job...
Successfully submitted! Job ID: f87b4618-0879-4a00-b3cf-df0f0f60d8c1 for generation 117
waiting for summary
waiting for summary
waiting for summary
waiting for summary
batch complete: (False, 0)
waiting on batch 39.4506311416626 seconds, 3/215 complete
waiting on batch 72.14531636238098 seconds, 38/215 complete
waiting on batch 104.86965036392212 seconds, 90/215 complete
waiting on batch 137.69068360328674 seconds, 140/215 complete
waiting on batch 170.43106389045715 seconds, 172/215 complete
waiting on batch 203.10144901275635 seconds, 212/215 complete
waiting on batch 235.77804684638977 seconds, 215/215 complete
completed Job ID: f87b4618-0879-4a00-b3cf-df0f0f60d8c1 for generation 117
surrogate error: 3.1337026495730003/3.097924133964979, num_recommendations: 0
Registering/Updating Job Definition: simulation-job-def...
Submitting array job...
Successfully submitted! Job ID: 74d815ca-803b-4427-ae5b-2cb8e98d3ec8 for generation 118
waiting for summary
waiting for summary
batch complete: (False, 0)
waiting on batch 36.705793619155884 seconds, 0/215 complete
waiting on batch 69.39994597434998 seconds, 61/215 complete
waiting on batch 102.08999466896057 seconds, 171/215 complete
waiting on batch 134.79915857315063 seconds, 215/215 complete
completed Job ID: 74d815ca-803b-4427-ae5b-2cb8e98d3ec8 for generation 118
surrogate error: 0.9629626601239027/0.9241023159330641, num_recommendations: 0
Registering/Updating Job Definition: simulation-job-def...
Submitting array job...
Successfully submitted! Job ID: 5fe240ff-6cc8-4cc1-8621-5724f5d01fbd for generation 119
waiting for summary
waiting for summary
batch complete: (False, 0)
waiting on batch 36.73481559753418 seconds, 1/215 complete
waiting on batch 69.43099236488342 seconds, 8/215 complete
waiting on batch 102.13306450843811 seconds, 17/215 complete
waiting on batch 134.82079935073853 seconds, 26/215 complete
waiting on batch 167.52484512329102 seconds, 35/215 complete
waiting on batch 200.21273493766785 seconds, 44/215 complete
waiting on batch 232.94027185440063 seconds, 167/215 complete
waiting on batch 265.65171813964844 seconds, 215/215 complete
completed Job ID: 5fe240ff-6cc8-4cc1-8621-5724f5d01fbd for generation 119
surrogate error: 0.7769828426130095/0.7731906769825605, num_recommendations: 0
Registering/Updating Job Definition: simulation-job-def...
Submitting array job...
Successfully submitted! Job ID: 2257aac5-13a8-444c-9268-4d8c65086ca1 for generation 120
waiting for summary
waiting for summary
batch complete: (False, 0)
waiting on batch 36.671971797943115 seconds, 0/215 complete
waiting on batch 69.34981751441956 seconds, 176/215 complete
waiting on batch 102.12936329841614 seconds, 215/215 complete
completed Job ID: 2257aac5-13a8-444c-9268-4d8c65086ca1 for generation 120
surrogate error: 0.9334739561263571/0.9344658864954667, num_recommendations: 0
Registering/Updating Job Definition: simulation-job-def...
Submitting array job...
Successfully submitted! Job ID: 9c8a3314-a5a4-4d39-9a19-7bebdb59ad72 for generation 121
waiting for summary
waiting for total count to add up 121/215
batch complete: (False, 0)
waiting on batch 36.76858425140381 seconds, 0/215 complete
waiting on batch 69.5973916053772 seconds, 0/215 complete
waiting on batch 102.31495094299316 seconds, 0/215 complete
waiting on batch 135.03183889389038 seconds, 0/215 complete
waiting on batch 167.7519829273224 seconds, 0/215 complete
waiting on batch 200.47078132629395 seconds, 77/215 complete
waiting on batch 233.1279857158661 seconds, 215/215 complete
completed Job ID: 9c8a3314-a5a4-4d39-9a19-7bebdb59ad72 for generation 121
surrogate error: 1.0502253766765428/1.0551248537142863, num_recommendations: 0
Registering/Updating Job Definition: simulation-job-def...
Submitting array job...
Successfully submitted! Job ID: 2dba20ae-92ff-44f8-bc3a-27c46fc5a4f0 for generation 122
waiting for summary
waiting for summary
batch complete: (False, 0)
waiting on batch 36.78285264968872 seconds, 6/215 complete
waiting on batch 69.47617173194885 seconds, 122/215 complete
waiting on batch 102.19436526298523 seconds, 215/215 complete
completed Job ID: 2dba20ae-92ff-44f8-bc3a-27c46fc5a4f0 for generation 122
surrogate error: 0.988216086196783/0.9847615131256048, num_recommendations: 0
Registering/Updating Job Definition: simulation-job-def...
Submitting array job...
Successfully submitted! Job ID: ceb84e14-f57a-4085-b775-2dde40f7c1f7 for generation 123
waiting for summary
waiting for total count to add up 54/215
batch complete: (False, 0)
waiting on batch 36.79451513290405 seconds, 8/215 complete
waiting on batch 69.52229166030884 seconds, 131/215 complete
waiting on batch 102.25503969192505 seconds, 215/215 complete
completed Job ID: ceb84e14-f57a-4085-b775-2dde40f7c1f7 for generation 123
surrogate error: 4.346042641425451/4.24702833223324, num_recommendations: 0
Registering/Updating Job Definition: simulation-job-def...
Submitting array job...
Successfully submitted! Job ID: a6a1058e-f9b7-4ef3-bac7-fcc6f3dddef6 for generation 124
batch complete: (False, 0)
waiting on batch 34.07975721359253 seconds, 0/215 complete
waiting on batch 66.8395516872406 seconds, 109/215 complete
waiting on batch 99.58436870574951 seconds, 172/215 complete
waiting on batch 132.31880974769592 seconds, 215/215 complete
completed Job ID: a6a1058e-f9b7-4ef3-bac7-fcc6f3dddef6 for generation 124
/home/jdiamond/code/investment_strategy_7/python_scripts/apsa_ngsa2.py:94: RuntimeWarning: overflow encountered in exp
  return 1.0 / (1.0 + np.exp(-self.k * (x - self.xm)))
surrogate error: 15.896980350489748/15.69770942679252, num_recommendations: 0
Registering/Updating Job Definition: simulation-job-def...
Submitting array job...
Successfully submitted! Job ID: 3e49c541-2ad3-48da-8292-f66a71513eb3 for generation 125
waiting for summary
waiting for summary
batch complete: (False, 0)
waiting on batch 36.81121635437012 seconds, 18/215 complete
waiting on batch 69.53084015846252 seconds, 179/215 complete
waiting on batch 102.23469519615173 seconds, 215/215 complete
completed Job ID: 3e49c541-2ad3-48da-8292-f66a71513eb3 for generation 125
surrogate error: 0.7239947722509904/0.7184030040880591, num_recommendations: 0
Registering/Updating Job Definition: simulation-job-def...
Submitting array job...
Successfully submitted! Job ID: aa849039-136c-496f-a8b5-3df5726cf156 for generation 126
waiting for summary
waiting for summary
batch complete: (False, 0)
waiting on batch 36.676703691482544 seconds, 46/215 complete
waiting on batch 69.33934164047241 seconds, 178/215 complete
completed Job ID: aa849039-136c-496f-a8b5-3df5726cf156 for generation 126
surrogate error: 1.2288775451160283/1.2288176967798385, num_recommendations: 0
Registering/Updating Job Definition: simulation-job-def...
Submitting array job...
Successfully submitted! Job ID: 73437ba9-4662-4bc6-bc5e-63b02ecb55b2 for generation 127
waiting for summary
waiting for summary
batch complete: (False, 0)
waiting on batch 36.77997875213623 seconds, 0/215 complete
waiting on batch 69.46278119087219 seconds, 185/215 complete
waiting on batch 102.12986350059509 seconds, 215/215 complete
completed Job ID: 73437ba9-4662-4bc6-bc5e-63b02ecb55b2 for generation 127
surrogate error: 1.6315608275211997/1.6062626990587332, num_recommendations: 0
Registering/Updating Job Definition: simulation-job-def...
Submitting array job...
Successfully submitted! Job ID: 2a11b671-9223-407a-84f2-9ebf4d8dfe5e for generation 128
waiting for summary
waiting for summary
batch complete: (False, 0)
waiting on batch 36.77173471450806 seconds, 0/215 complete
waiting on batch 69.56010937690735 seconds, 100/215 complete
waiting on batch 102.22906041145325 seconds, 170/215 complete
waiting on batch 134.95031809806824 seconds, 215/215 complete
completed Job ID: 2a11b671-9223-407a-84f2-9ebf4d8dfe5e for generation 128
surrogate error: 2.2317303538144677/2.244794753405866, num_recommendations: 0
Registering/Updating Job Definition: simulation-job-def...
Submitting array job...
Successfully submitted! Job ID: d14c8f4a-b2ab-46b4-a057-8e1a867912eb for generation 129
batch complete: (False, 0)
waiting on batch 34.11058473587036 seconds, 0/215 complete
waiting on batch 66.77843260765076 seconds, 92/215 complete
waiting on batch 99.51894068717957 seconds, 175/215 complete
completed Job ID: d14c8f4a-b2ab-46b4-a057-8e1a867912eb for generation 129
surrogate error: 1.0775400436177769/1.0883498444195132, num_recommendations: 0
Registering/Updating Job Definition: simulation-job-def...
Submitting array job...
Successfully submitted! Job ID: 0dde9821-48c0-4f39-9831-d16983f33bb8 for generation 130
waiting for summary
waiting for summary
waiting for summary
batch complete: (False, 0)
waiting on batch 38.10761594772339 seconds, 30/215 complete
waiting on batch 70.81043291091919 seconds, 123/215 complete
waiting on batch 103.60756635665894 seconds, 215/215 complete
completed Job ID: 0dde9821-48c0-4f39-9831-d16983f33bb8 for generation 130
surrogate error: 0.6869713214947413/0.6846773055607381, num_recommendations: 0
Registering/Updating Job Definition: simulation-job-def...
Submitting array job...
Successfully submitted! Job ID: 8c163ea7-2531-4e0f-92b2-d4884003ded0 for generation 131
waiting for summary
waiting for summary
batch complete: (False, 0)
waiting on batch 36.70799517631531 seconds, 17/215 complete
waiting on batch 69.41364860534668 seconds, 106/215 complete
waiting on batch 102.08701610565186 seconds, 172/215 complete
waiting on batch 134.77988696098328 seconds, 215/215 complete
completed Job ID: 8c163ea7-2531-4e0f-92b2-d4884003ded0 for generation 131
surrogate error: 1.442567778568271/1.4334217107453955, num_recommendations: 0
Registering/Updating Job Definition: simulation-job-def...
Submitting array job...
Successfully submitted! Job ID: dc567432-c740-47a1-84fc-4d8c8fd24d6d for generation 132
batch complete: (False, 0)
waiting on batch 34.02135157585144 seconds, 0/215 complete
waiting on batch 66.8500189781189 seconds, 72/215 complete
waiting on batch 99.57440662384033 seconds, 143/215 complete
waiting on batch 132.28383350372314 seconds, 215/215 complete
completed Job ID: dc567432-c740-47a1-84fc-4d8c8fd24d6d for generation 132
surrogate error: 0.9833653310825227/0.9858718446191653, num_recommendations: 0
Registering/Updating Job Definition: simulation-job-def...
Submitting array job...
Successfully submitted! Job ID: b5c29541-d3b0-491b-b8e9-a3c7d7084cdd for generation 133
waiting for summary
waiting for summary
batch complete: (False, 0)
waiting on batch 36.70271635055542 seconds, 0/215 complete
waiting on batch 69.41004991531372 seconds, 127/215 complete
waiting on batch 102.161940574646 seconds, 215/215 complete
completed Job ID: b5c29541-d3b0-491b-b8e9-a3c7d7084cdd for generation 133
surrogate error: 1.1152240213334474/1.167346851025768, num_recommendations: 0
Registering/Updating Job Definition: simulation-job-def...
Submitting array job...
Successfully submitted! Job ID: e7dac106-36a9-4f77-a8aa-6dd2af129893 for generation 134
waiting for summary
batch complete: (False, 0)
waiting on batch 35.420132637023926 seconds, 1/215 complete
waiting on batch 68.09113883972168 seconds, 125/215 complete
waiting on batch 100.7545211315155 seconds, 215/215 complete
completed Job ID: e7dac106-36a9-4f77-a8aa-6dd2af129893 for generation 134
surrogate error: 2.7545025733735558/2.7871599213171967, num_recommendations: 0
Registering/Updating Job Definition: simulation-job-def...
Submitting array job...
Successfully submitted! Job ID: bbfd00da-ed68-4474-95a4-6884155be1a3 for generation 135
waiting for summary
waiting for summary
batch complete: (False, 0)
waiting on batch 36.90141010284424 seconds, 0/215 complete
waiting on batch 69.61192679405212 seconds, 102/215 complete
waiting on batch 102.29335927963257 seconds, 172/215 complete
waiting on batch 134.97115898132324 seconds, 215/215 complete
completed Job ID: bbfd00da-ed68-4474-95a4-6884155be1a3 for generation 135
surrogate error: 3.0080147871127974/3.0180890955381376, num_recommendations: 0
Registering/Updating Job Definition: simulation-job-def...
Submitting array job...
Successfully submitted! Job ID: d8bc7e96-4784-47f2-811f-c75baf2cb545 for generation 136
waiting for summary
waiting for total count to add up 176/215
batch complete: (False, 0)
waiting on batch 36.744686126708984 seconds, 0/215 complete
waiting on batch 69.4225344657898 seconds, 87/215 complete
waiting on batch 102.10526490211487 seconds, 137/215 complete
waiting on batch 134.76136469841003 seconds, 215/215 complete
completed Job ID: d8bc7e96-4784-47f2-811f-c75baf2cb545 for generation 136
surrogate error: 1.1817524060453672/1.1919560886457894, num_recommendations: 0
Registering/Updating Job Definition: simulation-job-def...
Submitting array job...
Successfully submitted! Job ID: 479bf5f4-a22a-4e9e-bc33-c2204650b060 for generation 137
batch complete: (False, 0)
waiting on batch 34.0482017993927 seconds, 1/215 complete
waiting on batch 66.75829029083252 seconds, 125/215 complete
waiting on batch 99.47812509536743 seconds, 175/215 complete
waiting on batch 132.22515559196472 seconds, 215/215 complete
completed Job ID: 479bf5f4-a22a-4e9e-bc33-c2204650b060 for generation 137
surrogate error: 2.0476264561762085/1.7427280970239234, num_recommendations: 0
Registering/Updating Job Definition: simulation-job-def...
Submitting array job...
Successfully submitted! Job ID: 177cc220-749a-4b61-883b-8cb25a7a7859 for generation 138
waiting for summary
waiting for summary
batch complete: (False, 0)
waiting on batch 36.87391233444214 seconds, 9/215 complete
waiting on batch 69.62750887870789 seconds, 129/215 complete
waiting on batch 102.32411193847656 seconds, 215/215 complete
completed Job ID: 177cc220-749a-4b61-883b-8cb25a7a7859 for generation 138
surrogate error: 0.864078487898892/0.8651691149234924, num_recommendations: 0
Registering/Updating Job Definition: simulation-job-def...
Submitting array job...
Successfully submitted! Job ID: f0daaa2d-25f7-43bf-b343-05a701db5a9a for generation 139
batch complete: (False, 0)
waiting on batch 34.06511950492859 seconds, 0/215 complete
waiting on batch 66.83071899414062 seconds, 174/215 complete
waiting on batch 99.54091668128967 seconds, 215/215 complete
completed Job ID: f0daaa2d-25f7-43bf-b343-05a701db5a9a for generation 139
surrogate error: 1.3986542674015625/1.3957188680312884, num_recommendations: 0
Registering/Updating Job Definition: simulation-job-def...
Submitting array job...
Successfully submitted! Job ID: 1aefa077-3527-475f-a479-cd45d906e1b2 for generation 140
waiting for summary
waiting for summary
waiting for summary
batch complete: (False, 0)
waiting on batch 38.091959714889526 seconds, 24/215 complete
waiting on batch 70.80086994171143 seconds, 173/215 complete
waiting on batch 103.48726487159729 seconds, 215/215 complete
completed Job ID: 1aefa077-3527-475f-a479-cd45d906e1b2 for generation 140
surrogate error: 1.3893083310186713/1.3876837777289406, num_recommendations: 0
Registering/Updating Job Definition: simulation-job-def...
Submitting array job...
Successfully submitted! Job ID: 12d7aa48-c208-452b-848b-105cf9587b16 for generation 141
waiting for summary
waiting for summary
batch complete: (False, 0)
waiting on batch 36.760703563690186 seconds, 0/215 complete
waiting on batch 69.40799522399902 seconds, 72/215 complete
waiting on batch 102.12826180458069 seconds, 140/215 complete
waiting on batch 134.79231333732605 seconds, 176/215 complete
waiting on batch 167.55992078781128 seconds, 215/215 complete
completed Job ID: 12d7aa48-c208-452b-848b-105cf9587b16 for generation 141
surrogate error: 0.7268138554923196/0.7202810947295438, num_recommendations: 0
Registering/Updating Job Definition: simulation-job-def...
Submitting array job...
Successfully submitted! Job ID: 748f6d34-49fb-48d5-a500-0ca77c47af68 for generation 142
batch complete: (False, 0)
waiting on batch 34.09489846229553 seconds, 0/215 complete
waiting on batch 66.83705759048462 seconds, 120/215 complete
waiting on batch 99.54449200630188 seconds, 215/215 complete
completed Job ID: 748f6d34-49fb-48d5-a500-0ca77c47af68 for generation 142
surrogate error: 1.063779675881928/1.082416724318461, num_recommendations: 0
Registering/Updating Job Definition: simulation-job-def...
Submitting array job...
Successfully submitted! Job ID: 2171be42-82b3-4890-a35e-412442adc03e for generation 143
waiting for summary
waiting for summary
batch complete: (False, 0)
waiting on batch 36.69190764427185 seconds, 0/215 complete
waiting on batch 69.429847240448 seconds, 172/215 complete
waiting on batch 102.16430759429932 seconds, 215/215 complete
completed Job ID: 2171be42-82b3-4890-a35e-412442adc03e for generation 143
surrogate error: 0.759273360477513/0.7576135793645571, num_recommendations: 0
Registering/Updating Job Definition: simulation-job-def...
Submitting array job...
Successfully submitted! Job ID: e7c2674c-8b4a-40b6-92ed-1197623ad597 for generation 144
waiting for summary
waiting for summary
batch complete: (False, 0)
waiting on batch 36.86641240119934 seconds, 0/215 complete
waiting on batch 69.5719575881958 seconds, 171/215 complete
waiting on batch 102.2959144115448 seconds, 215/215 complete
completed Job ID: e7c2674c-8b4a-40b6-92ed-1197623ad597 for generation 144
surrogate error: 0.9136109366179788/0.9130930720022984, num_recommendations: 0
Registering/Updating Job Definition: simulation-job-def...
Submitting array job...
Successfully submitted! Job ID: 4afed27e-57a8-4684-a12f-c6953be3410e for generation 145
batch complete: (False, 0)
waiting on batch 34.07753801345825 seconds, 1/215 complete
waiting on batch 66.78209900856018 seconds, 122/215 complete
waiting on batch 99.65695428848267 seconds, 215/215 complete
completed Job ID: 4afed27e-57a8-4684-a12f-c6953be3410e for generation 145
surrogate error: 1.272894650548534/1.2714335079237888, num_recommendations: 0
Registering/Updating Job Definition: simulation-job-def...
Submitting array job...
Successfully submitted! Job ID: cc500b17-4bd9-47d5-af63-521c91eb1cfa for generation 146
waiting for summary
waiting for summary
batch complete: (False, 0)
waiting on batch 36.77893829345703 seconds, 0/215 complete
waiting on batch 69.45122075080872 seconds, 123/215 complete
waiting on batch 102.1367564201355 seconds, 173/215 complete
waiting on batch 134.82353234291077 seconds, 215/215 complete
completed Job ID: cc500b17-4bd9-47d5-af63-521c91eb1cfa for generation 146
surrogate error: 1.4191900975309992/1.416604786099608, num_recommendations: 0
Registering/Updating Job Definition: simulation-job-def...
Submitting array job...
Successfully submitted! Job ID: cefccfcc-d973-4a5e-8586-0f51dbf4c64e for generation 147
waiting for summary
waiting for total count to add up 182/215
batch complete: (False, 0)
waiting on batch 36.751633644104004 seconds, 0/215 complete
waiting on batch 69.44555425643921 seconds, 104/215 complete
waiting on batch 102.18650960922241 seconds, 170/215 complete
waiting on batch 134.89537477493286 seconds, 215/215 complete
completed Job ID: cefccfcc-d973-4a5e-8586-0f51dbf4c64e for generation 147
surrogate error: 0.6992837444748893/0.6981522520207891, num_recommendations: 0
Registering/Updating Job Definition: simulation-job-def...
Submitting array job...
Successfully submitted! Job ID: 0e934826-a6d9-4bbc-8dc1-9259d194b556 for generation 148
waiting for summary
waiting for summary
waiting for summary
waiting for summary
batch complete: (False, 0)
waiting on batch 39.527740240097046 seconds, 0/215 complete
waiting on batch 72.28531575202942 seconds, 121/215 complete
waiting on batch 104.99021172523499 seconds, 215/215 complete
completed Job ID: 0e934826-a6d9-4bbc-8dc1-9259d194b556 for generation 148
surrogate error: 2.6675233762177206/2.6344065787926834, num_recommendations: 0
Registering/Updating Job Definition: simulation-job-def...
Submitting array job...
Successfully submitted! Job ID: 3b5fb82b-cb4c-4725-84a0-fc192d107f15 for generation 149
waiting for summary
waiting for summary
batch complete: (False, 0)
waiting on batch 36.827831745147705 seconds, 0/215 complete
waiting on batch 69.53545093536377 seconds, 123/215 complete
waiting on batch 102.22620010375977 seconds, 215/215 complete
completed Job ID: 3b5fb82b-cb4c-4725-84a0-fc192d107f15 for generation 149
surrogate error: 0.9904610767065116/0.9904453981848388, num_recommendations: 0
