nohup: ignoring input

Compiled modules for significant speedup can not be used!
https://pymoo.org/installation.html#installation

To disable this warning:
from pymoo.config import Config
Config.warnings['not_compiled'] = False

Registering/Updating Job Definition: simulation-job-def...
Submitting array job...
Successfully submitted! Job ID: c51d751a-0094-45c3-ad36-714eb10e8026 for generation 0
waiting for summary
waiting for summary
batch complete: (False, 0)
waiting on batch 36.76923871040344 seconds, 0/215 complete
waiting on batch 69.42600870132446 seconds, 0/215 complete
waiting on batch 102.08948183059692 seconds, 2/215 complete
waiting on batch 134.87561798095703 seconds, 173/215 complete
waiting on batch 167.50254011154175 seconds, 215/215 complete
completed Job ID: c51d751a-0094-45c3-ad36-714eb10e8026 for generation 0
Registering/Updating Job Definition: simulation-job-def...
Submitting array job...
Successfully submitted! Job ID: 8e44b1a8-5468-44a6-a68e-44bfe72c57bd for generation 1
waiting for summary
waiting for summary
waiting for summary
waiting for summary
batch complete: (False, 0)
waiting on batch 39.36444330215454 seconds, 127/215 complete
waiting on batch 72.03920125961304 seconds, 170/215 complete
waiting on batch 104.68418788909912 seconds, 215/215 complete
completed Job ID: 8e44b1a8-5468-44a6-a68e-44bfe72c57bd for generation 1
/home/jdiamond/.local/lib/python3.12/site-packages/sklearn/base.py:1336: ConvergenceWarning: Number of distinct clusters (2) found smaller than n_clusters (192). Possibly due to duplicate points in X.
  return fit_method(estimator, *args, **kwargs)
surrogate error: 0.00473246064281453/0.005322676187204866, num_recommendations: 192
Registering/Updating Job Definition: simulation-job-def...
Submitting array job...
Successfully submitted! Job ID: 92f9f853-ba56-45b2-b1c7-58fa2080b774 for generation 2
waiting for summary
waiting for summary
waiting for summary
waiting for summary
batch complete: (False, 0)
waiting on batch 39.4058678150177 seconds, 0/215 complete
waiting on batch 72.05096364021301 seconds, 0/215 complete
waiting on batch 104.70309329032898 seconds, 0/215 complete
waiting on batch 137.37323927879333 seconds, 0/215 complete
waiting on batch 170.04528546333313 seconds, 0/215 complete
waiting on batch 202.72758722305298 seconds, 58/215 complete
waiting on batch 235.5194549560547 seconds, 170/215 complete
waiting on batch 268.3581600189209 seconds, 211/215 complete
waiting on batch 300.99400210380554 seconds, 215/215 complete
completed Job ID: 92f9f853-ba56-45b2-b1c7-58fa2080b774 for generation 2
/home/jdiamond/.local/lib/python3.12/site-packages/sklearn/base.py:1336: ConvergenceWarning: Number of distinct clusters (3) found smaller than n_clusters (167). Possibly due to duplicate points in X.
  return fit_method(estimator, *args, **kwargs)
surrogate error: 0.025062727651641057/0.026793905756793416, num_recommendations: 167
Registering/Updating Job Definition: simulation-job-def...
Submitting array job...
Successfully submitted! Job ID: d9877ef0-01ae-47c7-8e06-d7711de7caa2 for generation 3
batch complete: (False, 0)
waiting on batch 33.982468605041504 seconds, 91/215 complete
waiting on batch 66.62376594543457 seconds, 172/215 complete
waiting on batch 99.33286356925964 seconds, 215/215 complete
completed Job ID: d9877ef0-01ae-47c7-8e06-d7711de7caa2 for generation 3
/home/jdiamond/.local/lib/python3.12/site-packages/sklearn/base.py:1336: ConvergenceWarning: Number of distinct clusters (7) found smaller than n_clusters (193). Possibly due to duplicate points in X.
  return fit_method(estimator, *args, **kwargs)
surrogate error: 0.004710452406783237/0.005067788404221046, num_recommendations: 193
Registering/Updating Job Definition: simulation-job-def...
Submitting array job...
Successfully submitted! Job ID: 79dd9e18-25c4-4019-bae0-4ba58a07a3b3 for generation 4
waiting for summary
waiting for summary
batch complete: (False, 0)
waiting on batch 36.73547554016113 seconds, 96/215 complete
waiting on batch 69.45670199394226 seconds, 172/215 complete
waiting on batch 102.08208680152893 seconds, 215/215 complete
completed Job ID: 79dd9e18-25c4-4019-bae0-4ba58a07a3b3 for generation 4
/home/jdiamond/.local/lib/python3.12/site-packages/sklearn/base.py:1336: ConvergenceWarning: Number of distinct clusters (17) found smaller than n_clusters (189). Possibly due to duplicate points in X.
  return fit_method(estimator, *args, **kwargs)
surrogate error: 0.00927477497987683/0.009814567045002387, num_recommendations: 189
Registering/Updating Job Definition: simulation-job-def...
Submitting array job...
Successfully submitted! Job ID: 3f869aac-2202-41a7-9b5a-87a7426ad374 for generation 5
waiting for summary
waiting for summary
waiting for summary
waiting for summary
batch complete: (False, 0)
waiting on batch 39.16850733757019 seconds, 102/215 complete
waiting on batch 71.76692795753479 seconds, 172/215 complete
waiting on batch 104.38259029388428 seconds, 201/215 complete
waiting on batch 137.08591151237488 seconds, 215/215 complete
completed Job ID: 3f869aac-2202-41a7-9b5a-87a7426ad374 for generation 5
/home/jdiamond/.local/lib/python3.12/site-packages/sklearn/base.py:1336: ConvergenceWarning: Number of distinct clusters (69) found smaller than n_clusters (189). Possibly due to duplicate points in X.
  return fit_method(estimator, *args, **kwargs)
surrogate error: 0.008147209803678598/0.009435892487504018, num_recommendations: 189
Registering/Updating Job Definition: simulation-job-def...
Submitting array job...
Successfully submitted! Job ID: 286b1785-da41-4f94-9434-b1b572264d0b for generation 6
waiting for summary
waiting for summary
waiting for summary
waiting for summary
batch complete: (False, 0)
waiting on batch 39.2007954120636 seconds, 96/215 complete
waiting on batch 71.92105507850647 seconds, 172/215 complete
waiting on batch 104.62204170227051 seconds, 207/215 complete
waiting on batch 137.29716634750366 seconds, 215/215 complete
completed Job ID: 286b1785-da41-4f94-9434-b1b572264d0b for generation 6
/home/jdiamond/.local/lib/python3.12/site-packages/sklearn/base.py:1336: ConvergenceWarning: Number of distinct clusters (43) found smaller than n_clusters (191). Possibly due to duplicate points in X.
  return fit_method(estimator, *args, **kwargs)
surrogate error: 0.006128286882385575/0.006896481623212789, num_recommendations: 191
Registering/Updating Job Definition: simulation-job-def...
Submitting array job...
Successfully submitted! Job ID: 09e4f55c-5981-4118-9746-671a884812a7 for generation 7
waiting for summary
waiting for summary
waiting for summary
batch complete: (False, 0)
waiting on batch 37.90945100784302 seconds, 95/215 complete
waiting on batch 70.55733489990234 seconds, 172/215 complete
waiting on batch 103.20679521560669 seconds, 204/215 complete
waiting on batch 135.7977888584137 seconds, 215/215 complete
completed Job ID: 09e4f55c-5981-4118-9746-671a884812a7 for generation 7
/home/jdiamond/.local/lib/python3.12/site-packages/sklearn/base.py:1336: ConvergenceWarning: Number of distinct clusters (33) found smaller than n_clusters (193). Possibly due to duplicate points in X.
  return fit_method(estimator, *args, **kwargs)
surrogate error: 0.004226500077381863/0.004786329969638217, num_recommendations: 193
Registering/Updating Job Definition: simulation-job-def...
Submitting array job...
Successfully submitted! Job ID: b1a1a9c3-ea51-4451-9c41-16d75c0b4a53 for generation 8
waiting for summary
waiting for summary
waiting for summary
waiting for summary
batch complete: (False, 0)
waiting on batch 39.174511194229126 seconds, 62/215 complete
waiting on batch 71.80434727668762 seconds, 172/215 complete
waiting on batch 104.44842863082886 seconds, 205/215 complete
waiting on batch 137.07012367248535 seconds, 215/215 complete
completed Job ID: b1a1a9c3-ea51-4451-9c41-16d75c0b4a53 for generation 8
/home/jdiamond/.local/lib/python3.12/site-packages/sklearn/base.py:1336: ConvergenceWarning: Number of distinct clusters (117) found smaller than n_clusters (155). Possibly due to duplicate points in X.
  return fit_method(estimator, *args, **kwargs)
surrogate error: 0.02978735660911732/0.03348173818729393, num_recommendations: 155
Registering/Updating Job Definition: simulation-job-def...
Submitting array job...
Successfully submitted! Job ID: 6ac12fc8-c6c5-40eb-a9cd-506bf309de19 for generation 9
waiting for summary
waiting for summary
waiting for total count to add up 120/215
batch complete: (False, 0)
waiting on batch 37.862064838409424 seconds, 0/215 complete
waiting on batch 70.50989866256714 seconds, 0/215 complete
waiting on batch 103.13263535499573 seconds, 0/215 complete
waiting on batch 135.76920366287231 seconds, 0/215 complete
waiting on batch 168.4058244228363 seconds, 0/215 complete
waiting on batch 201.06227803230286 seconds, 59/215 complete
waiting on batch 233.6754117012024 seconds, 170/215 complete
waiting on batch 266.2945227622986 seconds, 215/215 complete
completed Job ID: 6ac12fc8-c6c5-40eb-a9cd-506bf309de19 for generation 9
/home/jdiamond/.local/lib/python3.12/site-packages/sklearn/base.py:1336: ConvergenceWarning: Number of distinct clusters (141) found smaller than n_clusters (189). Possibly due to duplicate points in X.
  return fit_method(estimator, *args, **kwargs)
surrogate error: 0.008623403591967123/0.009209908871218987, num_recommendations: 189
Registering/Updating Job Definition: simulation-job-def...
Submitting array job...
Successfully submitted! Job ID: 8702686b-5a6a-4dad-b652-5bb012c7c880 for generation 10
waiting for summary
waiting for summary
batch complete: (False, 0)
waiting on batch 36.630836963653564 seconds, 125/215 complete
waiting on batch 69.32884979248047 seconds, 174/215 complete
waiting on batch 102.06231117248535 seconds, 215/215 complete
completed Job ID: 8702686b-5a6a-4dad-b652-5bb012c7c880 for generation 10
surrogate error: 0.3393232117628537/0.42596277699032115, num_recommendations: 0
Registering/Updating Job Definition: simulation-job-def...
Submitting array job...
Successfully submitted! Job ID: 3f171110-d152-45c6-a144-b75e457b0600 for generation 11
waiting for summary
waiting for summary
batch complete: (False, 0)
waiting on batch 36.5294144153595 seconds, 7/215 complete
waiting on batch 69.16788673400879 seconds, 24/215 complete
waiting on batch 101.79727244377136 seconds, 35/215 complete
waiting on batch 134.4823796749115 seconds, 69/215 complete
waiting on batch 167.17368721961975 seconds, 79/215 complete
waiting on batch 200.52595257759094 seconds, 161/215 complete
waiting on batch 233.19813060760498 seconds, 200/215 complete
waiting on batch 265.8627688884735 seconds, 215/215 complete
completed Job ID: 3f171110-d152-45c6-a144-b75e457b0600 for generation 11
/home/jdiamond/.local/lib/python3.12/site-packages/sklearn/base.py:1336: ConvergenceWarning: Number of distinct clusters (159) found smaller than n_clusters (190). Possibly due to duplicate points in X.
  return fit_method(estimator, *args, **kwargs)
surrogate error: 0.009075654624400829/0.007836884622503516, num_recommendations: 190
Registering/Updating Job Definition: simulation-job-def...
Submitting array job...
Successfully submitted! Job ID: 3d2ebba4-68d2-44de-a26e-79ac99ee7af6 for generation 12
waiting for summary
waiting for summary
batch complete: (False, 0)
waiting on batch 36.58227729797363 seconds, 0/215 complete
waiting on batch 69.25050044059753 seconds, 42/215 complete
waiting on batch 101.9144721031189 seconds, 109/215 complete
waiting on batch 134.521249294281 seconds, 171/215 complete
waiting on batch 167.1699161529541 seconds, 203/215 complete
waiting on batch 199.88460111618042 seconds, 215/215 complete
completed Job ID: 3d2ebba4-68d2-44de-a26e-79ac99ee7af6 for generation 12
/home/jdiamond/.local/lib/python3.12/site-packages/sklearn/base.py:1336: ConvergenceWarning: Number of distinct clusters (146) found smaller than n_clusters (171). Possibly due to duplicate points in X.
  return fit_method(estimator, *args, **kwargs)
surrogate error: 0.02078267809921881/0.024483718447696288, num_recommendations: 171
Registering/Updating Job Definition: simulation-job-def...
Submitting array job...
Successfully submitted! Job ID: 167134f6-10fe-4481-996d-105099d87e70 for generation 13
waiting for summary
waiting for summary
batch complete: (False, 0)
waiting on batch 36.57785987854004 seconds, 0/215 complete
waiting on batch 69.30903506278992 seconds, 89/215 complete
waiting on batch 101.99885702133179 seconds, 173/215 complete
waiting on batch 134.59718108177185 seconds, 213/215 complete
waiting on batch 167.23521780967712 seconds, 215/215 complete
completed Job ID: 167134f6-10fe-4481-996d-105099d87e70 for generation 13
surrogate error: 0.25163205293750995/0.30879406940929505, num_recommendations: 0
Registering/Updating Job Definition: simulation-job-def...
Submitting array job...
Successfully submitted! Job ID: 13ff59ef-8174-4a94-bb0d-79ec000b1dfc for generation 14
waiting for summary
waiting for summary
waiting for summary
waiting for summary
batch complete: (False, 0)
waiting on batch 39.22360181808472 seconds, 45/215 complete
waiting on batch 71.85208702087402 seconds, 127/215 complete
waiting on batch 104.48428869247437 seconds, 179/215 complete
waiting on batch 137.1447377204895 seconds, 213/215 complete
waiting on batch 169.79977440834045 seconds, 215/215 complete
completed Job ID: 13ff59ef-8174-4a94-bb0d-79ec000b1dfc for generation 14
surrogate error: 0.028727787231369067/0.034221271254641195, num_recommendations: 154
Registering/Updating Job Definition: simulation-job-def...
Submitting array job...
Successfully submitted! Job ID: 35df27f3-5f3d-4fea-a196-7741a90e3832 for generation 15
waiting for total count to add up 194/215
batch complete: (False, 0)
waiting on batch 35.31597709655762 seconds, 45/215 complete
waiting on batch 67.95609664916992 seconds, 185/215 complete
waiting on batch 100.62179446220398 seconds, 207/215 complete
waiting on batch 133.2866816520691 seconds, 215/215 complete
completed Job ID: 35df27f3-5f3d-4fea-a196-7741a90e3832 for generation 15
/home/jdiamond/.local/lib/python3.12/site-packages/sklearn/base.py:1336: ConvergenceWarning: Number of distinct clusters (145) found smaller than n_clusters (179). Possibly due to duplicate points in X.
  return fit_method(estimator, *args, **kwargs)
surrogate error: 0.01276058282642003/0.018391874679619138, num_recommendations: 179
Registering/Updating Job Definition: simulation-job-def...
Submitting array job...
Successfully submitted! Job ID: a1366259-eb7f-4696-a69d-75640a14d37b for generation 16
waiting for summary
waiting for summary
waiting for summary
batch complete: (False, 0)
waiting on batch 38.058088302612305 seconds, 41/215 complete
waiting on batch 70.75496053695679 seconds, 124/215 complete
waiting on batch 103.37163949012756 seconds, 170/215 complete
waiting on batch 136.00192880630493 seconds, 215/215 complete
completed Job ID: a1366259-eb7f-4696-a69d-75640a14d37b for generation 16
surrogate error: 0.2066446024311249/0.23648168050072033, num_recommendations: 0
Registering/Updating Job Definition: simulation-job-def...
Submitting array job...
Successfully submitted! Job ID: a37a6711-4748-4a4b-9c45-f54acd3e606a for generation 17
waiting for summary
batch complete: (False, 0)
waiting on batch 36.80402636528015 seconds, 6/215 complete
waiting on batch 69.50720524787903 seconds, 18/215 complete
waiting on batch 102.15504956245422 seconds, 31/215 complete
waiting on batch 134.77094554901123 seconds, 40/215 complete
waiting on batch 167.45168733596802 seconds, 52/215 complete
waiting on batch 200.06525874137878 seconds, 81/215 complete
waiting on batch 232.7093014717102 seconds, 157/215 complete
waiting on batch 265.3809254169464 seconds, 205/215 complete
waiting on batch 298.1118230819702 seconds, 215/215 complete
completed Job ID: a37a6711-4748-4a4b-9c45-f54acd3e606a for generation 17
surrogate error: 0.014288766415900725/0.015536480766307545, num_recommendations: 183
Registering/Updating Job Definition: simulation-job-def...
Submitting array job...
Successfully submitted! Job ID: 37a7a759-6f9e-4392-90b1-266f7bfda67f for generation 18
waiting for summary
waiting for summary
batch complete: (False, 0)
waiting on batch 36.587477684020996 seconds, 121/215 complete
waiting on batch 69.32553243637085 seconds, 170/215 complete
waiting on batch 102.0234215259552 seconds, 215/215 complete
completed Job ID: 37a7a759-6f9e-4392-90b1-266f7bfda67f for generation 18
surrogate error: 0.03853195241711562/0.0432838061269599, num_recommendations: 134
Registering/Updating Job Definition: simulation-job-def...
Submitting array job...
Successfully submitted! Job ID: bc5711eb-5003-4121-9ad4-cc59b98bd30b for generation 19
waiting for summary
waiting for summary
waiting for summary
batch complete: (False, 0)
waiting on batch 37.93062448501587 seconds, 122/215 complete
waiting on batch 70.58846592903137 seconds, 172/215 complete
waiting on batch 103.27630233764648 seconds, 215/215 complete
completed Job ID: bc5711eb-5003-4121-9ad4-cc59b98bd30b for generation 19
/home/jdiamond/.local/lib/python3.12/site-packages/sklearn/base.py:1336: ConvergenceWarning: Number of distinct clusters (187) found smaller than n_clusters (188). Possibly due to duplicate points in X.
  return fit_method(estimator, *args, **kwargs)
surrogate error: 0.009457091110908469/0.010840420673847263, num_recommendations: 188
Registering/Updating Job Definition: simulation-job-def...
Submitting array job...
Successfully submitted! Job ID: 0d9f0c7f-5aea-4c10-ba5b-b9b31d0c87fc for generation 20
waiting for total count to add up 185/215
batch complete: (False, 0)
waiting on batch 35.29268670082092 seconds, 126/215 complete
waiting on batch 67.96285343170166 seconds, 175/215 complete
waiting on batch 100.61896276473999 seconds, 215/215 complete
completed Job ID: 0d9f0c7f-5aea-4c10-ba5b-b9b31d0c87fc for generation 20
surrogate error: 0.39199283302556764/0.43774916146261633, num_recommendations: 0
Registering/Updating Job Definition: simulation-job-def...
Submitting array job...
Successfully submitted! Job ID: 0a5a1204-cf38-4ba5-8284-ce5a2a102113 for generation 21
waiting for summary
waiting for summary
batch complete: (False, 0)
waiting on batch 36.59770584106445 seconds, 75/215 complete
waiting on batch 69.22568917274475 seconds, 173/215 complete
waiting on batch 101.869948387146 seconds, 173/215 complete
waiting on batch 134.49790978431702 seconds, 215/215 complete
completed Job ID: 0a5a1204-cf38-4ba5-8284-ce5a2a102113 for generation 21
surrogate error: 0.004965310601533052/0.005015688981457469, num_recommendations: 193
Registering/Updating Job Definition: simulation-job-def...
Submitting array job...
Successfully submitted! Job ID: dafb47f8-6ca3-475e-bd9a-5f3999054270 for generation 22
waiting for summary
waiting for summary
waiting for summary
batch complete: (False, 0)
waiting on batch 37.82221722602844 seconds, 51/215 complete
waiting on batch 70.50860285758972 seconds, 152/215 complete
waiting on batch 103.16331887245178 seconds, 215/215 complete
completed Job ID: dafb47f8-6ca3-475e-bd9a-5f3999054270 for generation 22
Traceback (most recent call last):
  File "/home/jdiamond/code/investment_strategy_7/python_scripts/run_generations_2d.py", line 304, in <module>
    main()
  File "/home/jdiamond/code/investment_strategy_7/python_scripts/run_generations_2d.py", line 288, in main
    F = master_problem.evaluate(pop.get("X"))
        ^^^^^^^^^^^^^^^^^^^^^^^^^^^^^^^^^^^^^
  File "/home/jdiamond/.local/lib/python3.12/site-packages/pymoo/core/problem.py", line 257, in evaluate
    _out = self.do(X, return_values_of, *args, **kwargs)
           ^^^^^^^^^^^^^^^^^^^^^^^^^^^^^^^^^^^^^^^^^^^^^
  File "/home/jdiamond/.local/lib/python3.12/site-packages/pymoo/core/problem.py", line 299, in do
    self._evaluate_vectorized(X, out, *args, **kwargs)
  File "/home/jdiamond/.local/lib/python3.12/site-packages/pymoo/core/problem.py", line 307, in _evaluate_vectorized
    self._evaluate(X, out, *args, **kwargs)
  File "/home/jdiamond/code/investment_strategy_7/python_scripts/run_generations_2d.py", line 195, in _evaluate
    df_obj = get_objectives(self.s3_path, self.generation)
             ^^^^^^^^^^^^^^^^^^^^^^^^^^^^^^^^^^^^^^^^^^^^^
  File "/home/jdiamond/code/investment_strategy_7/python_scripts/run_generations_2d.py", line 167, in get_objectives
    df = wr.df = wr.s3.read_parquet(
                 ^^^^^^^^^^^^^^^^^^^
  File "/home/jdiamond/.local/lib/python3.12/site-packages/awswrangler/_utils.py", line 178, in inner
    return func(*args, **kwargs)
           ^^^^^^^^^^^^^^^^^^^^^
  File "/home/jdiamond/.local/lib/python3.12/site-packages/awswrangler/_config.py", line 732, in wrapper
    return function(**args)
           ^^^^^^^^^^^^^^^^
  File "/home/jdiamond/.local/lib/python3.12/site-packages/awswrangler/s3/_read_parquet.py", line 525, in read_parquet
    raise exceptions.NoFilesFound(f"No files Found on: {path}.")
awswrangler.exceptions.NoFilesFound: No files Found on: s3://jdinvestment/2d_val_6_months/median_objectives/gen=22/.
